Component: ARM Compiler 6.16 Tool: armlink [5dfeaa00]

==============================================================================

Section Cross References

    gpio.o(.text.GPIO_Init) refers to utils.o(.text) for SysTick_Wait1ms
    gpio.o(.ARM.exidx.text.GPIO_Init) refers to gpio.o(.text.GPIO_Init) for [Anonymous Symbol]
    gpio.o(.ARM.exidx.text.PortJ_Input) refers to gpio.o(.text.PortJ_Input) for [Anonymous Symbol]
    gpio.o(.ARM.exidx.text.PortN_Output) refers to gpio.o(.text.PortN_Output) for [Anonymous Symbol]
    gpio.o(.ARM.exidx.text.PortH_Output) refers to gpio.o(.text.PortH_Output) for [Anonymous Symbol]
    main.o(.text.main) refers to utils.o(.text) for PLL_Init
    main.o(.text.main) refers to gpio.o(.text.GPIO_Init) for GPIO_Init
    main.o(.text.main) refers to communication.o(.text.Uart_init) for Uart_init
    main.o(.text.main) refers to main.o(.rodata.str1.1) for .L.str.4
    main.o(.text.main) refers to communication.o(.text.clean_putty) for clean_putty
    main.o(.text.main) refers to communication.o(.text.move_cursor_beginning_putty) for move_cursor_beginning_putty
    main.o(.text.main) refers to communication.o(.text.WriteWord) for WriteWord
    main.o(.text.main) refers to communication.o(.text.move_cursor_line_position) for move_cursor_line_position
    main.o(.text.main) refers to communication.o(.text.ReadWord) for ReadWord
    main.o(.text.main) refers to communication.o(.text.convertCharacterNumber) for convertCharacterNumber
    main.o(.text.main) refers to motor.o(.text.motorStateTransition) for motorStateTransition
    main.o(.text.main) refers to motor.o(.text.setStepMotorVoltage) for setStepMotorVoltage
    main.o(.text.main) refers to daddsub_clz.o(x$fpl$dadd) for __aeabi_dadd
    main.o(.text.main) refers to dcmp.o(x$fpl$fcmp) for __aeabi_dcmpgt
    main.o(.text.main) refers to main.o(.text.print_Info_Motor) for print_Info_Motor
    main.o(.text.main) refers to communication.o(.text.ReadRX) for ReadRX
    main.o(.ARM.exidx.text.main) refers to main.o(.text.main) for [Anonymous Symbol]
    main.o(.text.print_Info_Motor) refers to communication.o(.text.clean_putty) for clean_putty
    main.o(.text.print_Info_Motor) refers to communication.o(.text.move_cursor_beginning_putty) for move_cursor_beginning_putty
    main.o(.text.print_Info_Motor) refers to communication.o(.text.WriteWord) for WriteWord
    main.o(.text.print_Info_Motor) refers to communication.o(.text.WriteTXDouble) for WriteTXDouble
    main.o(.text.print_Info_Motor) refers to communication.o(.text.WriteTXNumber8) for WriteTXNumber8
    main.o(.ARM.exidx.text.print_Info_Motor) refers to main.o(.text.print_Info_Motor) for [Anonymous Symbol]
    startup.o(STACK) refers (Special) to heapauxi.o(.text) for __use_two_region_memory
    startup.o(HEAP) refers (Special) to heapauxi.o(.text) for __use_two_region_memory
    startup.o(RESET) refers (Special) to heapauxi.o(.text) for __use_two_region_memory
    startup.o(RESET) refers to startup.o(STACK) for StackMem
    startup.o(RESET) refers to __main.o(!!!main) for __main
    startup.o(.text) refers (Special) to heapauxi.o(.text) for __use_two_region_memory
    startup.o(.text) refers to startup.o(HEAP) for HeapMem
    startup.o(.text) refers to startup.o(STACK) for StackMem
    motor.o(.ARM.exidx.text.maintenanceMotorSetupChange) refers to motor.o(.text.maintenanceMotorSetupChange) for [Anonymous Symbol]
    motor.o(.ARM.exidx.text.motorStateTransition) refers to motor.o(.text.motorStateTransition) for [Anonymous Symbol]
    motor.o(.ARM.exidx.text.setStepMotorVoltage) refers to motor.o(.text.setStepMotorVoltage) for [Anonymous Symbol]
    communication.o(.ARM.exidx.text.Uart_init) refers to communication.o(.text.Uart_init) for [Anonymous Symbol]
    communication.o(.ARM.exidx.text.ReadRX) refers to communication.o(.text.ReadRX) for [Anonymous Symbol]
    communication.o(.ARM.exidx.text.ReadRXLoop) refers to communication.o(.text.ReadRXLoop) for [Anonymous Symbol]
    communication.o(.text.ReadWord) refers to communication.o(.text.ReadRXLoop) for ReadRXLoop
    communication.o(.ARM.exidx.text.ReadWord) refers to communication.o(.text.ReadWord) for [Anonymous Symbol]
    communication.o(.ARM.exidx.text.WriteTX) refers to communication.o(.text.WriteTX) for [Anonymous Symbol]
    communication.o(.text.WriteTXCodigo) refers to communication.o(.text.WriteTX) for WriteTX
    communication.o(.ARM.exidx.text.WriteTXCodigo) refers to communication.o(.text.WriteTXCodigo) for [Anonymous Symbol]
    communication.o(.text.WriteWord) refers to communication.o(.text.WriteTX) for WriteTX
    communication.o(.ARM.exidx.text.WriteWord) refers to communication.o(.text.WriteWord) for [Anonymous Symbol]
    communication.o(.text.clean_putty) refers to communication.o(.text.WriteTX) for WriteTX
    communication.o(.ARM.exidx.text.clean_putty) refers to communication.o(.text.clean_putty) for [Anonymous Symbol]
    communication.o(.text.move_cursor_beginning_putty) refers to communication.o(.text.WriteTX) for WriteTX
    communication.o(.ARM.exidx.text.move_cursor_beginning_putty) refers to communication.o(.text.move_cursor_beginning_putty) for [Anonymous Symbol]
    communication.o(.text.Write_line_putty) refers to communication.o(.text.WriteTX) for WriteTX
    communication.o(.ARM.exidx.text.Write_line_putty) refers to communication.o(.text.Write_line_putty) for [Anonymous Symbol]
    communication.o(.text.move_cursor_line_position) refers to communication.o(.text.move_cursor_beginning_putty) for move_cursor_beginning_putty
    communication.o(.text.move_cursor_line_position) refers to communication.o(.text.WriteTX) for WriteTX
    communication.o(.ARM.exidx.text.move_cursor_line_position) refers to communication.o(.text.move_cursor_line_position) for [Anonymous Symbol]
    communication.o(.ARM.exidx.text.convertNumberCharacter) refers to communication.o(.text.convertNumberCharacter) for [Anonymous Symbol]
    communication.o(.ARM.exidx.text.convertCharacterNumber) refers to communication.o(.text.convertCharacterNumber) for [Anonymous Symbol]
    communication.o(.text.WriteTXNumber8) refers to communication.o(.text.convertNumberCharacter) for convertNumberCharacter
    communication.o(.text.WriteTXNumber8) refers to communication.o(.text.WriteTX) for WriteTX
    communication.o(.ARM.exidx.text.WriteTXNumber8) refers to communication.o(.text.WriteTXNumber8) for [Anonymous Symbol]
    communication.o(.text.WriteTXDouble) refers to ddiv.o(x$fpl$ddiv) for __aeabi_ddiv
    communication.o(.text.WriteTXDouble) refers to dfix.o(x$fpl$dfix) for __aeabi_d2iz
    communication.o(.text.WriteTXDouble) refers to dflt_clz.o(x$fpl$dfltu) for __aeabi_ui2d
    communication.o(.text.WriteTXDouble) refers to communication.o(.text.convertNumberCharacter) for convertNumberCharacter
    communication.o(.text.WriteTXDouble) refers to communication.o(.text.WriteTX) for WriteTX
    communication.o(.text.WriteTXDouble) refers to dflt_clz.o(x$fpl$dflt) for __aeabi_i2d
    communication.o(.text.WriteTXDouble) refers to daddsub_clz.o(x$fpl$dsub) for __aeabi_dsub
    communication.o(.text.WriteTXDouble) refers to dmul.o(x$fpl$dmul) for __aeabi_dmul
    communication.o(.ARM.exidx.text.WriteTXDouble) refers to communication.o(.text.WriteTXDouble) for [Anonymous Symbol]
    communication.o(.text.WriteTXAngle) refers to communication.o(.text.WriteTXDouble) for WriteTXDouble
    communication.o(.text.WriteTXAngle) refers to communication.o(.text.WriteWord) for WriteWord
    communication.o(.ARM.exidx.text.WriteTXAngle) refers to communication.o(.text.WriteTXAngle) for [Anonymous Symbol]
    __main.o(!!!main) refers to __rtentry.o(.ARM.Collect$$rtentry$$00000000) for __rt_entry
    daddsub_clz.o(x$fpl$dadd) refers (Special) to usenofp.o(x$fpl$usenofp) for __I$use$fp
    daddsub_clz.o(x$fpl$dadd) refers to daddsub_clz.o(x$fpl$dsub) for _dsub1
    daddsub_clz.o(x$fpl$dadd) refers to dretinf.o(x$fpl$dretinf) for __fpl_dretinf
    daddsub_clz.o(x$fpl$dadd) refers to dnaninf.o(x$fpl$dnaninf) for __fpl_dnaninf
    daddsub_clz.o(x$fpl$drsb) refers (Special) to usenofp.o(x$fpl$usenofp) for __I$use$fp
    daddsub_clz.o(x$fpl$drsb) refers to daddsub_clz.o(x$fpl$dadd) for _dadd1
    daddsub_clz.o(x$fpl$drsb) refers to daddsub_clz.o(x$fpl$dsub) for _dsub1
    daddsub_clz.o(x$fpl$dsub) refers (Special) to usenofp.o(x$fpl$usenofp) for __I$use$fp
    daddsub_clz.o(x$fpl$dsub) refers to daddsub_clz.o(x$fpl$dadd) for _dadd1
    daddsub_clz.o(x$fpl$dsub) refers to dnaninf.o(x$fpl$dnaninf) for __fpl_dnaninf
    dcmp.o(x$fpl$fcmp) refers (Special) to usenofp.o(x$fpl$usenofp) for __I$use$fp
    dcmp.o(x$fpl$fcmp) refers to deqf.o(x$fpl$deqf) for _dcmpeq
    dcmp.o(x$fpl$fcmp) refers to dgeqf.o(x$fpl$dgeqf) for _dcmpge
    dcmp.o(x$fpl$fcmp) refers to dleqf.o(x$fpl$dleqf) for _dcmple
    ddiv.o(x$fpl$drdiv) refers (Special) to usenofp.o(x$fpl$usenofp) for __I$use$fp
    ddiv.o(x$fpl$drdiv) refers to ddiv.o(x$fpl$ddiv) for ddiv_entry
    ddiv.o(x$fpl$ddiv) refers (Special) to usenofp.o(x$fpl$usenofp) for __I$use$fp
    ddiv.o(x$fpl$ddiv) refers to dretinf.o(x$fpl$dretinf) for __fpl_dretinf
    ddiv.o(x$fpl$ddiv) refers to dnaninf.o(x$fpl$dnaninf) for __fpl_dnaninf
    dfix.o(x$fpl$dfix) refers (Special) to usenofp.o(x$fpl$usenofp) for __I$use$fp
    dfix.o(x$fpl$dfix) refers to dnaninf.o(x$fpl$dnaninf) for __fpl_dnaninf
    dfix.o(x$fpl$dfixr) refers (Special) to usenofp.o(x$fpl$usenofp) for __I$use$fp
    dfix.o(x$fpl$dfixr) refers to dnaninf.o(x$fpl$dnaninf) for __fpl_dnaninf
    dflt_clz.o(x$fpl$dfltu) refers (Special) to usenofp.o(x$fpl$usenofp) for __I$use$fp
    dflt_clz.o(x$fpl$dflt) refers (Special) to usenofp.o(x$fpl$usenofp) for __I$use$fp
    dflt_clz.o(x$fpl$dfltn) refers (Special) to usenofp.o(x$fpl$usenofp) for __I$use$fp
    dmul.o(x$fpl$dmul) refers (Special) to usenofp.o(x$fpl$usenofp) for __I$use$fp
    dmul.o(x$fpl$dmul) refers to dretinf.o(x$fpl$dretinf) for __fpl_dretinf
    dmul.o(x$fpl$dmul) refers to dnaninf.o(x$fpl$dnaninf) for __fpl_dnaninf
    __rtentry.o(.ARM.Collect$$rtentry$$00000000) refers (Special) to __rtentry2.o(.ARM.Collect$$rtentry$$0000000A) for __rt_entry_li
    __rtentry.o(.ARM.Collect$$rtentry$$00000000) refers (Special) to __rtentry2.o(.ARM.Collect$$rtentry$$0000000D) for __rt_entry_main
    __rtentry.o(.ARM.Collect$$rtentry$$00000000) refers (Special) to __rtentry2.o(.ARM.Collect$$rtentry$$0000000C) for __rt_entry_postli_1
    __rtentry.o(.ARM.Collect$$rtentry$$00000000) refers (Special) to __rtentry2.o(.ARM.Collect$$rtentry$$00000009) for __rt_entry_postsh_1
    __rtentry.o(.ARM.Collect$$rtentry$$00000000) refers (Special) to __rtentry2.o(.ARM.Collect$$rtentry$$00000002) for __rt_entry_presh_1
    __rtentry.o(.ARM.Collect$$rtentry$$00000000) refers (Special) to __rtentry4.o(.ARM.Collect$$rtentry$$00000004) for __rt_entry_sh
    deqf.o(x$fpl$deqf) refers (Special) to usenofp.o(x$fpl$usenofp) for __I$use$fp
    deqf.o(x$fpl$deqf) refers to dnaninf.o(x$fpl$dnaninf) for __fpl_dnaninf
    deqf.o(x$fpl$deqf) refers to dcmpi.o(x$fpl$dcmpinf) for __fpl_dcmp_Inf
    dgeqf.o(x$fpl$dgeqf) refers (Special) to usenofp.o(x$fpl$usenofp) for __I$use$fp
    dgeqf.o(x$fpl$dgeqf) refers to dnaninf.o(x$fpl$dnaninf) for __fpl_dnaninf
    dgeqf.o(x$fpl$dgeqf) refers to dcmpi.o(x$fpl$dcmpinf) for __fpl_dcmp_Inf
    dleqf.o(x$fpl$dleqf) refers (Special) to usenofp.o(x$fpl$usenofp) for __I$use$fp
    dleqf.o(x$fpl$dleqf) refers to dnaninf.o(x$fpl$dnaninf) for __fpl_dnaninf
    dleqf.o(x$fpl$dleqf) refers to dcmpi.o(x$fpl$dcmpinf) for __fpl_dcmp_Inf
    dnaninf.o(x$fpl$dnaninf) refers (Special) to usenofp.o(x$fpl$usenofp) for __I$use$fp
    dretinf.o(x$fpl$dretinf) refers (Special) to usenofp.o(x$fpl$usenofp) for __I$use$fp
    __rtentry2.o(.ARM.Collect$$rtentry$$00000008) refers to boardinit2.o(.text) for _platform_post_stackheap_init
    __rtentry2.o(.ARM.Collect$$rtentry$$0000000A) refers to libinit.o(.ARM.Collect$$libinit$$00000000) for __rt_lib_init
    __rtentry2.o(.ARM.Collect$$rtentry$$0000000B) refers to boardinit3.o(.text) for _platform_post_lib_init
    __rtentry2.o(.ARM.Collect$$rtentry$$0000000D) refers to main.o(.text.main) for main
    __rtentry2.o(.ARM.Collect$$rtentry$$0000000D) refers to exit.o(.text) for exit
    __rtentry2.o(.ARM.exidx) refers to __rtentry2.o(.ARM.Collect$$rtentry$$00000001) for .ARM.Collect$$rtentry$$00000001
    __rtentry2.o(.ARM.exidx) refers to __rtentry2.o(.ARM.Collect$$rtentry$$00000008) for .ARM.Collect$$rtentry$$00000008
    __rtentry2.o(.ARM.exidx) refers to __rtentry2.o(.ARM.Collect$$rtentry$$0000000A) for .ARM.Collect$$rtentry$$0000000A
    __rtentry2.o(.ARM.exidx) refers to __rtentry2.o(.ARM.Collect$$rtentry$$0000000B) for .ARM.Collect$$rtentry$$0000000B
    __rtentry2.o(.ARM.exidx) refers to __rtentry2.o(.ARM.Collect$$rtentry$$0000000D) for .ARM.Collect$$rtentry$$0000000D
    __rtentry4.o(.ARM.Collect$$rtentry$$00000004) refers to sys_stackheap_outer.o(.text) for __user_setup_stackheap
    __rtentry4.o(.ARM.exidx) refers to __rtentry4.o(.ARM.Collect$$rtentry$$00000004) for .ARM.Collect$$rtentry$$00000004
    dcmpi.o(x$fpl$dcmpinf) refers (Special) to usenofp.o(x$fpl$usenofp) for __I$use$fp
    sys_stackheap_outer.o(.text) refers to libspace.o(.text) for __user_perproc_libspace
    sys_stackheap_outer.o(.text) refers to startup.o(.text) for __user_initial_stackheap
    exit.o(.text) refers to rtexit.o(.ARM.Collect$$rtexit$$00000000) for __rt_exit
    libinit.o(.ARM.Collect$$libinit$$00000000) refers (Special) to libinit2.o(.ARM.Collect$$libinit$$0000002E) for __rt_lib_init_alloca_1
    libinit.o(.ARM.Collect$$libinit$$00000000) refers (Special) to libinit2.o(.ARM.Collect$$libinit$$0000002C) for __rt_lib_init_argv_1
    libinit.o(.ARM.Collect$$libinit$$00000000) refers (Special) to libinit2.o(.ARM.Collect$$libinit$$0000001B) for __rt_lib_init_atexit_1
    libinit.o(.ARM.Collect$$libinit$$00000000) refers (Special) to libinit2.o(.ARM.Collect$$libinit$$00000021) for __rt_lib_init_clock_1
    libinit.o(.ARM.Collect$$libinit$$00000000) refers (Special) to libinit2.o(.ARM.Collect$$libinit$$00000032) for __rt_lib_init_cpp_1
    libinit.o(.ARM.Collect$$libinit$$00000000) refers (Special) to libinit2.o(.ARM.Collect$$libinit$$00000030) for __rt_lib_init_exceptions_1
    libinit.o(.ARM.Collect$$libinit$$00000000) refers (Special) to libinit2.o(.ARM.Collect$$libinit$$00000001) for __rt_lib_init_fp_1
    libinit.o(.ARM.Collect$$libinit$$00000000) refers (Special) to libinit2.o(.ARM.Collect$$libinit$$0000001F) for __rt_lib_init_fp_trap_1
    libinit.o(.ARM.Collect$$libinit$$00000000) refers (Special) to libinit2.o(.ARM.Collect$$libinit$$00000023) for __rt_lib_init_getenv_1
    libinit.o(.ARM.Collect$$libinit$$00000000) refers (Special) to libinit2.o(.ARM.Collect$$libinit$$0000000A) for __rt_lib_init_heap_1
    libinit.o(.ARM.Collect$$libinit$$00000000) refers (Special) to libinit2.o(.ARM.Collect$$libinit$$00000011) for __rt_lib_init_lc_collate_1
    libinit.o(.ARM.Collect$$libinit$$00000000) refers (Special) to libinit2.o(.ARM.Collect$$libinit$$00000013) for __rt_lib_init_lc_ctype_1
    libinit.o(.ARM.Collect$$libinit$$00000000) refers (Special) to libinit2.o(.ARM.Collect$$libinit$$00000015) for __rt_lib_init_lc_monetary_1
    libinit.o(.ARM.Collect$$libinit$$00000000) refers (Special) to libinit2.o(.ARM.Collect$$libinit$$00000017) for __rt_lib_init_lc_numeric_1
    libinit.o(.ARM.Collect$$libinit$$00000000) refers (Special) to libinit2.o(.ARM.Collect$$libinit$$00000019) for __rt_lib_init_lc_time_1
    libinit.o(.ARM.Collect$$libinit$$00000000) refers (Special) to libinit2.o(.ARM.Collect$$libinit$$00000004) for __rt_lib_init_preinit_1
    libinit.o(.ARM.Collect$$libinit$$00000000) refers (Special) to libinit2.o(.ARM.Collect$$libinit$$0000000E) for __rt_lib_init_rand_1
    libinit.o(.ARM.Collect$$libinit$$00000000) refers (Special) to libinit2.o(.ARM.Collect$$libinit$$00000033) for __rt_lib_init_return
    libinit.o(.ARM.Collect$$libinit$$00000000) refers (Special) to libinit2.o(.ARM.Collect$$libinit$$0000001D) for __rt_lib_init_signal_1
    libinit.o(.ARM.Collect$$libinit$$00000000) refers (Special) to libinit2.o(.ARM.Collect$$libinit$$00000025) for __rt_lib_init_stdio_1
    libinit.o(.ARM.Collect$$libinit$$00000000) refers (Special) to libinit2.o(.ARM.Collect$$libinit$$0000000C) for __rt_lib_init_user_alloc_1
    libspace.o(.text) refers to libspace.o(.bss) for __libspace_start
    rtexit.o(.ARM.Collect$$rtexit$$00000000) refers (Special) to rtexit2.o(.ARM.Collect$$rtexit$$00000004) for __rt_exit_exit
    rtexit.o(.ARM.Collect$$rtexit$$00000000) refers (Special) to rtexit2.o(.ARM.Collect$$rtexit$$00000003) for __rt_exit_ls
    rtexit.o(.ARM.Collect$$rtexit$$00000000) refers (Special) to rtexit2.o(.ARM.Collect$$rtexit$$00000002) for __rt_exit_prels_1
    rtexit.o(.ARM.exidx) refers (Special) to rtexit2.o(.ARM.Collect$$rtexit$$00000004) for __rt_exit_exit
    rtexit.o(.ARM.exidx) refers (Special) to rtexit2.o(.ARM.Collect$$rtexit$$00000003) for __rt_exit_ls
    rtexit.o(.ARM.exidx) refers (Special) to rtexit2.o(.ARM.Collect$$rtexit$$00000002) for __rt_exit_prels_1
    rtexit.o(.ARM.exidx) refers to rtexit.o(.ARM.Collect$$rtexit$$00000000) for .ARM.Collect$$rtexit$$00000000
    libinit2.o(.ARM.Collect$$libinit$$00000001) refers to fpinit.o(x$fpl$fpinit) for _fp_init
    libinit2.o(.ARM.Collect$$libinit$$00000010) refers to libinit2.o(.ARM.Collect$$libinit$$0000000F) for .ARM.Collect$$libinit$$0000000F
    libinit2.o(.ARM.Collect$$libinit$$00000012) refers to libinit2.o(.ARM.Collect$$libinit$$0000000F) for .ARM.Collect$$libinit$$0000000F
    libinit2.o(.ARM.Collect$$libinit$$00000014) refers to libinit2.o(.ARM.Collect$$libinit$$0000000F) for .ARM.Collect$$libinit$$0000000F
    libinit2.o(.ARM.Collect$$libinit$$00000016) refers to libinit2.o(.ARM.Collect$$libinit$$0000000F) for .ARM.Collect$$libinit$$0000000F
    libinit2.o(.ARM.Collect$$libinit$$00000018) refers to libinit2.o(.ARM.Collect$$libinit$$0000000F) for .ARM.Collect$$libinit$$0000000F
    libinit2.o(.ARM.Collect$$libinit$$00000026) refers to argv_veneer.o(.emb_text) for __ARM_argv_veneer
    libinit2.o(.ARM.Collect$$libinit$$00000027) refers to argv_veneer.o(.emb_text) for __ARM_argv_veneer
    rtexit2.o(.ARM.Collect$$rtexit$$00000003) refers to libshutdown.o(.ARM.Collect$$libshutdown$$00000000) for __rt_lib_shutdown
    rtexit2.o(.ARM.Collect$$rtexit$$00000004) refers to sys_exit.o(.text) for _sys_exit
    rtexit2.o(.ARM.exidx) refers to rtexit2.o(.ARM.Collect$$rtexit$$00000001) for .ARM.Collect$$rtexit$$00000001
    rtexit2.o(.ARM.exidx) refers to rtexit2.o(.ARM.Collect$$rtexit$$00000003) for .ARM.Collect$$rtexit$$00000003
    rtexit2.o(.ARM.exidx) refers to rtexit2.o(.ARM.Collect$$rtexit$$00000004) for .ARM.Collect$$rtexit$$00000004
    argv_veneer.o(.emb_text) refers to no_argv.o(.text) for __ARM_get_argv
    sys_exit.o(.text) refers (Special) to use_no_semi.o(.text) for __I$use$semihosting
    sys_exit.o(.text) refers (Special) to indicate_semi.o(.text) for __semihosting_library_function
    sys_exit_hlt.o(.text) refers (Special) to use_no_semi.o(.text) for __I$use$semihosting
    sys_exit_hlt.o(.text) refers (Special) to indicate_semi.o(.text) for __semihosting_library_function
    _get_argv_nomalloc.o(.text) refers (Special) to hrguard.o(.text) for __heap_region$guard
    _get_argv_nomalloc.o(.text) refers to defsig_rtmem_outer.o(.text) for __rt_SIGRTMEM
    _get_argv_nomalloc.o(.text) refers to sys_command.o(.text) for _sys_command_string
    libshutdown.o(.ARM.Collect$$libshutdown$$00000000) refers (Special) to libshutdown2.o(.ARM.Collect$$libshutdown$$00000002) for __rt_lib_shutdown_cpp_1
    libshutdown.o(.ARM.Collect$$libshutdown$$00000000) refers (Special) to libshutdown2.o(.ARM.Collect$$libshutdown$$00000007) for __rt_lib_shutdown_fp_trap_1
    libshutdown.o(.ARM.Collect$$libshutdown$$00000000) refers (Special) to libshutdown2.o(.ARM.Collect$$libshutdown$$0000000F) for __rt_lib_shutdown_heap_1
    libshutdown.o(.ARM.Collect$$libshutdown$$00000000) refers (Special) to libshutdown2.o(.ARM.Collect$$libshutdown$$00000010) for __rt_lib_shutdown_return
    libshutdown.o(.ARM.Collect$$libshutdown$$00000000) refers (Special) to libshutdown2.o(.ARM.Collect$$libshutdown$$0000000A) for __rt_lib_shutdown_signal_1
    libshutdown.o(.ARM.Collect$$libshutdown$$00000000) refers (Special) to libshutdown2.o(.ARM.Collect$$libshutdown$$00000004) for __rt_lib_shutdown_stdio_1
    libshutdown.o(.ARM.Collect$$libshutdown$$00000000) refers (Special) to libshutdown2.o(.ARM.Collect$$libshutdown$$0000000C) for __rt_lib_shutdown_user_alloc_1
    sys_command.o(.text) refers (Special) to use_no_semi.o(.text) for __I$use$semihosting
    sys_command.o(.text) refers (Special) to indicate_semi.o(.text) for __semihosting_library_function
    sys_command_hlt.o(.text) refers (Special) to use_no_semi.o(.text) for __I$use$semihosting
    sys_command_hlt.o(.text) refers (Special) to indicate_semi.o(.text) for __semihosting_library_function
    defsig_rtmem_outer.o(.text) refers to defsig_rtmem_inner.o(.text) for __rt_SIGRTMEM_inner
    defsig_rtmem_outer.o(.text) refers to defsig_exit.o(.text) for __sig_exit
    defsig_rtmem_formal.o(.text) refers to rt_raise.o(.text) for __rt_raise
    rt_raise.o(.text) refers to __raise.o(.text) for __raise
    rt_raise.o(.text) refers to sys_exit.o(.text) for _sys_exit
    defsig_exit.o(.text) refers to sys_exit.o(.text) for _sys_exit
    defsig_rtmem_inner.o(.text) refers to defsig_general.o(.text) for __default_signal_display
    __raise.o(.text) refers to defsig.o(CL$$defsig) for __default_signal_handler
    defsig_general.o(.text) refers to sys_wrch.o(.text) for _ttywrch
    sys_wrch.o(.text) refers (Special) to use_no_semi.o(.text) for __I$use$semihosting
    sys_wrch.o(.text) refers (Special) to indicate_semi.o(.text) for __semihosting_library_function
    sys_wrch_hlt.o(.text) refers (Special) to use_no_semi.o(.text) for __I$use$semihosting
    sys_wrch_hlt.o(.text) refers (Special) to indicate_semi.o(.text) for __semihosting_library_function
    defsig.o(CL$$defsig) refers to defsig_rtmem_inner.o(.text) for __rt_SIGRTMEM_inner
    defsig_abrt_inner.o(.text) refers to defsig_general.o(.text) for __default_signal_display
    defsig_fpe_inner.o(.text) refers to defsig_general.o(.text) for __default_signal_display
    defsig_rtred_inner.o(.text) refers to defsig_general.o(.text) for __default_signal_display
    defsig_stak_inner.o(.text) refers to defsig_general.o(.text) for __default_signal_display
    defsig_pvfn_inner.o(.text) refers to defsig_general.o(.text) for __default_signal_display
    defsig_cppl_inner.o(.text) refers to defsig_general.o(.text) for __default_signal_display
    defsig_segv_inner.o(.text) refers to defsig_general.o(.text) for __default_signal_display
    defsig_other.o(.text) refers to defsig_general.o(.text) for __default_signal_display


==============================================================================

Removing Unused input sections from the image.

    Removing gpio.o(.text), (0 bytes).
    Removing gpio.o(.ARM.exidx.text.GPIO_Init), (8 bytes).
    Removing gpio.o(.text.PortJ_Input), (12 bytes).
    Removing gpio.o(.ARM.exidx.text.PortJ_Input), (8 bytes).
    Removing gpio.o(.text.PortN_Output), (20 bytes).
    Removing gpio.o(.ARM.exidx.text.PortN_Output), (8 bytes).
    Removing gpio.o(.text.PortH_Output), (20 bytes).
    Removing gpio.o(.ARM.exidx.text.PortH_Output), (8 bytes).
    Removing main.o(.text), (0 bytes).
    Removing main.o(.ARM.exidx.text.main), (8 bytes).
    Removing main.o(.ARM.exidx.text.print_Info_Motor), (8 bytes).
    Removing main.o(.ARM.use_no_argv), (4 bytes).
    Removing motor.o(.text), (0 bytes).
    Removing motor.o(.text.maintenanceMotorSetupChange), (36 bytes).
    Removing motor.o(.ARM.exidx.text.maintenanceMotorSetupChange), (8 bytes).
    Removing motor.o(.ARM.exidx.text.motorStateTransition), (8 bytes).
    Removing motor.o(.ARM.exidx.text.setStepMotorVoltage), (8 bytes).
    Removing communication.o(.text), (0 bytes).
    Removing communication.o(.ARM.exidx.text.Uart_init), (8 bytes).
    Removing communication.o(.ARM.exidx.text.ReadRX), (8 bytes).
    Removing communication.o(.ARM.exidx.text.ReadRXLoop), (8 bytes).
    Removing communication.o(.ARM.exidx.text.ReadWord), (8 bytes).
    Removing communication.o(.ARM.exidx.text.WriteTX), (8 bytes).
    Removing communication.o(.text.WriteTXCodigo), (226 bytes).
    Removing communication.o(.ARM.exidx.text.WriteTXCodigo), (8 bytes).
    Removing communication.o(.ARM.exidx.text.WriteWord), (8 bytes).
    Removing communication.o(.ARM.exidx.text.clean_putty), (8 bytes).
    Removing communication.o(.ARM.exidx.text.move_cursor_beginning_putty), (8 bytes).
    Removing communication.o(.text.Write_line_putty), (28 bytes).
    Removing communication.o(.ARM.exidx.text.Write_line_putty), (8 bytes).
    Removing communication.o(.ARM.exidx.text.move_cursor_line_position), (8 bytes).
    Removing communication.o(.ARM.exidx.text.convertNumberCharacter), (8 bytes).
    Removing communication.o(.ARM.exidx.text.convertCharacterNumber), (8 bytes).
    Removing communication.o(.ARM.exidx.text.WriteTXNumber8), (8 bytes).
    Removing communication.o(.ARM.exidx.text.WriteTXDouble), (8 bytes).
    Removing communication.o(.text.WriteTXAngle), (24 bytes).
    Removing communication.o(.ARM.exidx.text.WriteTXAngle), (8 bytes).

37 unused section(s) (total 570 bytes) removed from the image.

==============================================================================

Image Symbol Table

    Local Symbols

    Symbol Name                              Value     Ov Type        Size  Object(Section)

    ../clib/angel/boardlib.s                 0x00000000   Number         0  boardinit1.o ABSOLUTE
    ../clib/angel/boardlib.s                 0x00000000   Number         0  boardinit2.o ABSOLUTE
    ../clib/angel/boardlib.s                 0x00000000   Number         0  boardinit3.o ABSOLUTE
    ../clib/angel/boardlib.s                 0x00000000   Number         0  boardshut.o ABSOLUTE
    ../clib/angel/handlers.s                 0x00000000   Number         0  __scatter_zi.o ABSOLUTE
    ../clib/angel/kernel.s                   0x00000000   Number         0  __rtentry.o ABSOLUTE
    ../clib/angel/kernel.s                   0x00000000   Number         0  __rtentry2.o ABSOLUTE
    ../clib/angel/kernel.s                   0x00000000   Number         0  __rtentry4.o ABSOLUTE
    ../clib/angel/kernel.s                   0x00000000   Number         0  rtexit.o ABSOLUTE
    ../clib/angel/kernel.s                   0x00000000   Number         0  rtexit2.o ABSOLUTE
    ../clib/angel/rt.s                       0x00000000   Number         0  rt_raise.o ABSOLUTE
    ../clib/angel/scatter.s                  0x00000000   Number         0  __scatter.o ABSOLUTE
    ../clib/angel/startup.s                  0x00000000   Number         0  __main.o ABSOLUTE
    ../clib/angel/sys.s                      0x00000000   Number         0  sys_stackheap_outer.o ABSOLUTE
    ../clib/angel/sys.s                      0x00000000   Number         0  libspace.o ABSOLUTE
    ../clib/angel/sys.s                      0x00000000   Number         0  use_no_semi.o ABSOLUTE
    ../clib/angel/sys.s                      0x00000000   Number         0  indicate_semi.o ABSOLUTE
    ../clib/angel/sysapp.c                   0x00000000   Number         0  sys_exit.o ABSOLUTE
    ../clib/angel/sysapp.c                   0x00000000   Number         0  sys_exit_hlt.o ABSOLUTE
    ../clib/angel/sysapp.c                   0x00000000   Number         0  sys_command.o ABSOLUTE
    ../clib/angel/sysapp.c                   0x00000000   Number         0  sys_command_hlt.o ABSOLUTE
    ../clib/angel/sysapp.c                   0x00000000   Number         0  sys_wrch.o ABSOLUTE
    ../clib/angel/sysapp.c                   0x00000000   Number         0  sys_wrch_hlt.o ABSOLUTE
    ../clib/armsys.c                         0x00000000   Number         0  argv_veneer.o ABSOLUTE
    ../clib/armsys.c                         0x00000000   Number         0  argv_veneer.o ABSOLUTE
    ../clib/armsys.c                         0x00000000   Number         0  _get_argv_nomalloc.o ABSOLUTE
    ../clib/armsys.c                         0x00000000   Number         0  no_argv.o ABSOLUTE
    ../clib/heapalloc.c                      0x00000000   Number         0  hrguard.o ABSOLUTE
    ../clib/heapaux.c                        0x00000000   Number         0  heapauxi.o ABSOLUTE
    ../clib/libinit.s                        0x00000000   Number         0  libinit.o ABSOLUTE
    ../clib/libinit.s                        0x00000000   Number         0  libinit2.o ABSOLUTE
    ../clib/libinit.s                        0x00000000   Number         0  libshutdown.o ABSOLUTE
    ../clib/libinit.s                        0x00000000   Number         0  libshutdown2.o ABSOLUTE
    ../clib/signal.c                         0x00000000   Number         0  defsig_rtmem_outer.o ABSOLUTE
    ../clib/signal.c                         0x00000000   Number         0  defsig_rtmem_formal.o ABSOLUTE
    ../clib/signal.c                         0x00000000   Number         0  defsig_exit.o ABSOLUTE
    ../clib/signal.c                         0x00000000   Number         0  defsig_rtmem_inner.o ABSOLUTE
    ../clib/signal.c                         0x00000000   Number         0  __raise.o ABSOLUTE
    ../clib/signal.c                         0x00000000   Number         0  defsig_general.o ABSOLUTE
    ../clib/signal.c                         0x00000000   Number         0  defsig_abrt_inner.o ABSOLUTE
    ../clib/signal.c                         0x00000000   Number         0  defsig_fpe_inner.o ABSOLUTE
    ../clib/signal.c                         0x00000000   Number         0  defsig_rtred_inner.o ABSOLUTE
    ../clib/signal.c                         0x00000000   Number         0  defsig_stak_inner.o ABSOLUTE
    ../clib/signal.c                         0x00000000   Number         0  defsig_pvfn_inner.o ABSOLUTE
    ../clib/signal.c                         0x00000000   Number         0  defsig_cppl_inner.o ABSOLUTE
    ../clib/signal.c                         0x00000000   Number         0  defsig_segv_inner.o ABSOLUTE
    ../clib/signal.c                         0x00000000   Number         0  defsig_other.o ABSOLUTE
    ../clib/signal.s                         0x00000000   Number         0  defsig.o ABSOLUTE
    ../clib/stdlib.c                         0x00000000   Number         0  exit.o ABSOLUTE
    ../fplib/daddsub.s                       0x00000000   Number         0  daddsub_clz.o ABSOLUTE
    ../fplib/dcmp.s                          0x00000000   Number         0  dcmp.o ABSOLUTE
    ../fplib/dcmpi.s                         0x00000000   Number         0  dcmpi.o ABSOLUTE
    ../fplib/ddiv.s                          0x00000000   Number         0  ddiv.o ABSOLUTE
    ../fplib/deqf.s                          0x00000000   Number         0  deqf.o ABSOLUTE
    ../fplib/dfix.s                          0x00000000   Number         0  dfix.o ABSOLUTE
    ../fplib/dflt.s                          0x00000000   Number         0  dflt_clz.o ABSOLUTE
    ../fplib/dgeqf.s                         0x00000000   Number         0  dgeqf.o ABSOLUTE
    ../fplib/dleqf.s                         0x00000000   Number         0  dleqf.o ABSOLUTE
    ../fplib/dmul.s                          0x00000000   Number         0  dmul.o ABSOLUTE
    ../fplib/dnaninf.s                       0x00000000   Number         0  dnaninf.o ABSOLUTE
    ../fplib/dretinf.s                       0x00000000   Number         0  dretinf.o ABSOLUTE
    ../fplib/fpinit.s                        0x00000000   Number         0  fpinit.o ABSOLUTE
    ../fplib/usenofp.s                       0x00000000   Number         0  usenofp.o ABSOLUTE
    communication.c                          0x00000000   Number         0  communication.o ABSOLUTE
    dc.s                                     0x00000000   Number         0  dc.o ABSOLUTE
    gpio.c                                   0x00000000   Number         0  gpio.o ABSOLUTE
    main.c                                   0x00000000   Number         0  main.o ABSOLUTE
    motor.c                                  0x00000000   Number         0  motor.o ABSOLUTE
    startup.s                                0x00000000   Number         0  startup.o ABSOLUTE
    utils.s                                  0x00000000   Number         0  utils.o ABSOLUTE
    RESET                                    0x00000000   Section      560  startup.o(RESET)
    $v0                                      0x00000208   Number         0  startup.o(RESET)
    !!!main                                  0x00000230   Section        8  __main.o(!!!main)
    !!!scatter                               0x00000238   Section       52  __scatter.o(!!!scatter)
    !!handler_zi                             0x0000026c   Section       28  __scatter_zi.o(!!handler_zi)
    .ARM.Collect$$libinit$$00000000          0x00000288   Section        2  libinit.o(.ARM.Collect$$libinit$$00000000)
    .ARM.Collect$$libinit$$00000001          0x0000028a   Section        4  libinit2.o(.ARM.Collect$$libinit$$00000001)
    .ARM.Collect$$libinit$$00000004          0x0000028e   Section        0  libinit2.o(.ARM.Collect$$libinit$$00000004)
    .ARM.Collect$$libinit$$0000000A          0x0000028e   Section        0  libinit2.o(.ARM.Collect$$libinit$$0000000A)
    .ARM.Collect$$libinit$$0000000C          0x0000028e   Section        0  libinit2.o(.ARM.Collect$$libinit$$0000000C)
    .ARM.Collect$$libinit$$0000000E          0x0000028e   Section        0  libinit2.o(.ARM.Collect$$libinit$$0000000E)
    .ARM.Collect$$libinit$$00000011          0x0000028e   Section        0  libinit2.o(.ARM.Collect$$libinit$$00000011)
    .ARM.Collect$$libinit$$00000013          0x0000028e   Section        0  libinit2.o(.ARM.Collect$$libinit$$00000013)
    .ARM.Collect$$libinit$$00000015          0x0000028e   Section        0  libinit2.o(.ARM.Collect$$libinit$$00000015)
    .ARM.Collect$$libinit$$00000017          0x0000028e   Section        0  libinit2.o(.ARM.Collect$$libinit$$00000017)
    .ARM.Collect$$libinit$$00000019          0x0000028e   Section        0  libinit2.o(.ARM.Collect$$libinit$$00000019)
    .ARM.Collect$$libinit$$0000001B          0x0000028e   Section        0  libinit2.o(.ARM.Collect$$libinit$$0000001B)
    .ARM.Collect$$libinit$$0000001D          0x0000028e   Section        0  libinit2.o(.ARM.Collect$$libinit$$0000001D)
    .ARM.Collect$$libinit$$0000001F          0x0000028e   Section        0  libinit2.o(.ARM.Collect$$libinit$$0000001F)
    .ARM.Collect$$libinit$$00000021          0x0000028e   Section        0  libinit2.o(.ARM.Collect$$libinit$$00000021)
    .ARM.Collect$$libinit$$00000023          0x0000028e   Section        0  libinit2.o(.ARM.Collect$$libinit$$00000023)
    .ARM.Collect$$libinit$$00000025          0x0000028e   Section        0  libinit2.o(.ARM.Collect$$libinit$$00000025)
    .ARM.Collect$$libinit$$0000002C          0x0000028e   Section        0  libinit2.o(.ARM.Collect$$libinit$$0000002C)
    .ARM.Collect$$libinit$$0000002E          0x0000028e   Section        0  libinit2.o(.ARM.Collect$$libinit$$0000002E)
    .ARM.Collect$$libinit$$00000030          0x0000028e   Section        0  libinit2.o(.ARM.Collect$$libinit$$00000030)
    .ARM.Collect$$libinit$$00000032          0x0000028e   Section        0  libinit2.o(.ARM.Collect$$libinit$$00000032)
    .ARM.Collect$$libinit$$00000033          0x0000028e   Section        2  libinit2.o(.ARM.Collect$$libinit$$00000033)
    .ARM.Collect$$libshutdown$$00000000      0x00000290   Section        2  libshutdown.o(.ARM.Collect$$libshutdown$$00000000)
    .ARM.Collect$$libshutdown$$00000002      0x00000292   Section        0  libshutdown2.o(.ARM.Collect$$libshutdown$$00000002)
    .ARM.Collect$$libshutdown$$00000004      0x00000292   Section        0  libshutdown2.o(.ARM.Collect$$libshutdown$$00000004)
    .ARM.Collect$$libshutdown$$00000007      0x00000292   Section        0  libshutdown2.o(.ARM.Collect$$libshutdown$$00000007)
    .ARM.Collect$$libshutdown$$0000000A      0x00000292   Section        0  libshutdown2.o(.ARM.Collect$$libshutdown$$0000000A)
    .ARM.Collect$$libshutdown$$0000000C      0x00000292   Section        0  libshutdown2.o(.ARM.Collect$$libshutdown$$0000000C)
    .ARM.Collect$$libshutdown$$0000000F      0x00000292   Section        0  libshutdown2.o(.ARM.Collect$$libshutdown$$0000000F)
    .ARM.Collect$$libshutdown$$00000010      0x00000292   Section        2  libshutdown2.o(.ARM.Collect$$libshutdown$$00000010)
    .ARM.Collect$$rtentry$$00000000          0x00000294   Section        0  __rtentry.o(.ARM.Collect$$rtentry$$00000000)
    .ARM.Collect$$rtentry$$00000002          0x00000294   Section        0  __rtentry2.o(.ARM.Collect$$rtentry$$00000002)
    .ARM.Collect$$rtentry$$00000004          0x00000294   Section        6  __rtentry4.o(.ARM.Collect$$rtentry$$00000004)
    .ARM.Collect$$rtentry$$00000009          0x0000029a   Section        0  __rtentry2.o(.ARM.Collect$$rtentry$$00000009)
    .ARM.Collect$$rtentry$$0000000A          0x0000029a   Section        4  __rtentry2.o(.ARM.Collect$$rtentry$$0000000A)
    .ARM.Collect$$rtentry$$0000000C          0x0000029e   Section        0  __rtentry2.o(.ARM.Collect$$rtentry$$0000000C)
    .ARM.Collect$$rtentry$$0000000D          0x0000029e   Section        8  __rtentry2.o(.ARM.Collect$$rtentry$$0000000D)
    .ARM.Collect$$rtexit$$00000000           0x000002a6   Section        2  rtexit.o(.ARM.Collect$$rtexit$$00000000)
    .ARM.Collect$$rtexit$$00000002           0x000002a8   Section        0  rtexit2.o(.ARM.Collect$$rtexit$$00000002)
    .ARM.Collect$$rtexit$$00000003           0x000002a8   Section        4  rtexit2.o(.ARM.Collect$$rtexit$$00000003)
    .ARM.Collect$$rtexit$$00000004           0x000002ac   Section        6  rtexit2.o(.ARM.Collect$$rtexit$$00000004)
    $v0                                      0x000002b4   Number         0  startup.o(.text)
    .text                                    0x000002b4   Section       48  startup.o(.text)
    $v0                                      0x000002e4   Number         0  utils.o(.text)
    .text                                    0x000002e4   Section      484  utils.o(.text)
    .text                                    0x000004c8   Section        0  heapauxi.o(.text)
    .text                                    0x000004ce   Section       74  sys_stackheap_outer.o(.text)
    .text                                    0x00000518   Section        0  exit.o(.text)
    .text                                    0x0000052c   Section        8  libspace.o(.text)
    .text                                    0x00000534   Section        0  sys_exit.o(.text)
    .text                                    0x00000540   Section        2  use_no_semi.o(.text)
    .text                                    0x00000542   Section        0  indicate_semi.o(.text)
    [Anonymous Symbol]                       0x00000544   Section        0  gpio.o(.text.GPIO_Init)
    [Anonymous Symbol]                       0x0000064c   Section        0  communication.o(.text.ReadRX)
    [Anonymous Symbol]                       0x00000664   Section        0  communication.o(.text.ReadRXLoop)
    [Anonymous Symbol]                       0x00000678   Section        0  communication.o(.text.ReadWord)
    [Anonymous Symbol]                       0x000006a4   Section        0  communication.o(.text.Uart_init)
    [Anonymous Symbol]                       0x00000708   Section        0  communication.o(.text.WriteTX)
    [Anonymous Symbol]                       0x00000720   Section        0  communication.o(.text.WriteTXDouble)
    [Anonymous Symbol]                       0x00000880   Section        0  communication.o(.text.WriteTXNumber8)
    [Anonymous Symbol]                       0x000008fc   Section        0  communication.o(.text.WriteWord)
    [Anonymous Symbol]                       0x00000920   Section        0  communication.o(.text.clean_putty)
    [Anonymous Symbol]                       0x0000093c   Section        0  communication.o(.text.convertCharacterNumber)
    [Anonymous Symbol]                       0x0000095c   Section        0  communication.o(.text.convertNumberCharacter)
    [Anonymous Symbol]                       0x000009a0   Section        0  main.o(.text.main)
    [Anonymous Symbol]                       0x00000cec   Section        0  motor.o(.text.motorStateTransition)
    [Anonymous Symbol]                       0x00000d0c   Section        0  communication.o(.text.move_cursor_beginning_putty)
    [Anonymous Symbol]                       0x00000d28   Section        0  communication.o(.text.move_cursor_line_position)
    [Anonymous Symbol]                       0x00000d48   Section        0  main.o(.text.print_Info_Motor)
    [Anonymous Symbol]                       0x00000da0   Section        0  motor.o(.text.setStepMotorVoltage)
    $v0                                      0x00000df4   Number         0  daddsub_clz.o(x$fpl$dadd)
    x$fpl$dadd                               0x00000df4   Section      336  daddsub_clz.o(x$fpl$dadd)
    _dadd1                                   0x00000e05   Thumb Code     0  daddsub_clz.o(x$fpl$dadd)
    $v0                                      0x00000f44   Number         0  dcmpi.o(x$fpl$dcmpinf)
    x$fpl$dcmpinf                            0x00000f44   Section       24  dcmpi.o(x$fpl$dcmpinf)
    $v0                                      0x00000f5c   Number         0  ddiv.o(x$fpl$ddiv)
    x$fpl$ddiv                               0x00000f5c   Section      692  ddiv.o(x$fpl$ddiv)
    ddiv_entry                               0x00000f63   Thumb Code     0  ddiv.o(x$fpl$ddiv)
    $v0                                      0x00001210   Number         0  deqf.o(x$fpl$deqf)
    x$fpl$deqf                               0x00001210   Section      120  deqf.o(x$fpl$deqf)
    $v0                                      0x00001288   Number         0  dfix.o(x$fpl$dfix)
    x$fpl$dfix                               0x00001288   Section       94  dfix.o(x$fpl$dfix)
    $v0                                      0x000012e6   Number         0  dflt_clz.o(x$fpl$dflt)
    x$fpl$dflt                               0x000012e6   Section       46  dflt_clz.o(x$fpl$dflt)
    $v0                                      0x00001314   Number         0  dflt_clz.o(x$fpl$dfltu)
    x$fpl$dfltu                              0x00001314   Section       38  dflt_clz.o(x$fpl$dfltu)
    $v0                                      0x0000133c   Number         0  dgeqf.o(x$fpl$dgeqf)
    x$fpl$dgeqf                              0x0000133c   Section      120  dgeqf.o(x$fpl$dgeqf)
    $v0                                      0x000013b4   Number         0  dleqf.o(x$fpl$dleqf)
    x$fpl$dleqf                              0x000013b4   Section      120  dleqf.o(x$fpl$dleqf)
    $v0                                      0x0000142c   Number         0  dmul.o(x$fpl$dmul)
    x$fpl$dmul                               0x0000142c   Section      340  dmul.o(x$fpl$dmul)
    $v0                                      0x00001580   Number         0  dnaninf.o(x$fpl$dnaninf)
    x$fpl$dnaninf                            0x00001580   Section      156  dnaninf.o(x$fpl$dnaninf)
    $v0                                      0x0000161c   Number         0  dretinf.o(x$fpl$dretinf)
    x$fpl$dretinf                            0x0000161c   Section       12  dretinf.o(x$fpl$dretinf)
    $v0                                      0x00001628   Number         0  daddsub_clz.o(x$fpl$dsub)
    x$fpl$dsub                               0x00001628   Section      476  daddsub_clz.o(x$fpl$dsub)
    _dsub1                                   0x00001639   Thumb Code     0  daddsub_clz.o(x$fpl$dsub)
    $v0                                      0x00001804   Number         0  dcmp.o(x$fpl$fcmp)
    x$fpl$fcmp                               0x00001804   Section       84  dcmp.o(x$fpl$fcmp)
    $v0                                      0x00001858   Number         0  fpinit.o(x$fpl$fpinit)
    x$fpl$fpinit                             0x00001858   Section       26  fpinit.o(x$fpl$fpinit)
    .L.str.10                                0x00001872   Data          22  main.o(.rodata.str1.1)
    [Anonymous Symbol]                       0x00001872   Section        0  main.o(.rodata.str1.1)
    x$fpl$usenofp                            0x00001872   Section        0  usenofp.o(x$fpl$usenofp)
    .L.str.4                                 0x00001888   Data          38  main.o(.rodata.str1.1)
    .L.str.8                                 0x000018ae   Data          32  main.o(.rodata.str1.1)
    .L.str.9                                 0x000018ce   Data          21  main.o(.rodata.str1.1)
    .bss                                     0x20000000   Section       96  libspace.o(.bss)
    HeapMem                                  0x20000060   Data           0  startup.o(HEAP)
    StackMem                                 0x20000060   Data           0  startup.o(STACK)
    HEAP                                     0x20000060   Section        0  startup.o(HEAP)
    STACK                                    0x20000060   Section     1024  startup.o(STACK)

    Global Symbols

    Symbol Name                              Value     Ov Type        Size  Object(Section)

    BuildAttributes$$THM_ISAv4$E$P$D$K$B$S$7EM$VFPi3$EXTD16$VFPS$VFMA$PE$A:L22UL41UL21$X:L11$S22US41US21$IEEE1$IW$~IW$USESV6$~STKCKD$USESV7$~SHL$OTIME$ROPI$EBA8$UX$STANDARDLIB$REQ8$PRES8$EABIv2 0x00000000   Number         0  anon$$obj.o ABSOLUTE
    __Vectors                                0x00000000   Data           0  startup.o(RESET)
    __ARM_exceptions_init                     - Undefined Weak Reference
    __alloca_initialize                       - Undefined Weak Reference
    __arm_preinit_                            - Undefined Weak Reference
    __cpp_initialize__aeabi_                  - Undefined Weak Reference
    __cxa_finalize                            - Undefined Weak Reference
    __rt_locale                               - Undefined Weak Reference
    __sigvec_lookup                           - Undefined Weak Reference
    _atexit_init                              - Undefined Weak Reference
    _call_atexit_fns                          - Undefined Weak Reference
    _clock_init                               - Undefined Weak Reference
    _fp_trap_init                             - Undefined Weak Reference
    _fp_trap_shutdown                         - Undefined Weak Reference
    _get_lc_collate                           - Undefined Weak Reference
    _get_lc_ctype                             - Undefined Weak Reference
    _get_lc_monetary                          - Undefined Weak Reference
    _get_lc_numeric                           - Undefined Weak Reference
    _get_lc_time                              - Undefined Weak Reference
    _getenv_init                              - Undefined Weak Reference
    _handle_redirection                       - Undefined Weak Reference
    _init_alloc                               - Undefined Weak Reference
    _init_user_alloc                          - Undefined Weak Reference
    _initio                                   - Undefined Weak Reference
    _rand_init                                - Undefined Weak Reference
    _signal_finish                            - Undefined Weak Reference
    _signal_init                              - Undefined Weak Reference
    _terminate_alloc                          - Undefined Weak Reference
    _terminate_user_alloc                     - Undefined Weak Reference
    _terminateio                              - Undefined Weak Reference
    Reset_Handler                            0x00000209   Thumb Code     0  startup.o(RESET)
    NMI_Handler                              0x0000021d   Thumb Code     2  startup.o(RESET)
    HardFault_Handler                        0x0000021f   Thumb Code     2  startup.o(RESET)
    MemManage_Handler                        0x00000221   Thumb Code     2  startup.o(RESET)
    BusFault_Handler                         0x00000223   Thumb Code     2  startup.o(RESET)
    UsageFault_Handler                       0x00000225   Thumb Code     2  startup.o(RESET)
    SVC_Handler                              0x00000227   Thumb Code     2  startup.o(RESET)
    DebugMon_Handler                         0x00000229   Thumb Code     2  startup.o(RESET)
    PendSV_Handler                           0x0000022b   Thumb Code     2  startup.o(RESET)
    SysTick_Handler                          0x0000022d   Thumb Code     2  startup.o(RESET)
    ADC0Seq0_Handler                         0x0000022f   Thumb Code     0  startup.o(RESET)
    ADC0Seq1_Handler                         0x0000022f   Thumb Code     0  startup.o(RESET)
    ADC0Seq2_Handler                         0x0000022f   Thumb Code     0  startup.o(RESET)
    ADC0Seq3_Handler                         0x0000022f   Thumb Code     0  startup.o(RESET)
    ADC1Seq0_Handler                         0x0000022f   Thumb Code     0  startup.o(RESET)
    ADC1Seq1_Handler                         0x0000022f   Thumb Code     0  startup.o(RESET)
    ADC1Seq2_Handler                         0x0000022f   Thumb Code     0  startup.o(RESET)
    ADC1Seq3_Handler                         0x0000022f   Thumb Code     0  startup.o(RESET)
    CAN0_Handler                             0x0000022f   Thumb Code     0  startup.o(RESET)
    CAN1_Handler                             0x0000022f   Thumb Code     0  startup.o(RESET)
    Comp0_Handler                            0x0000022f   Thumb Code     0  startup.o(RESET)
    Comp1_Handler                            0x0000022f   Thumb Code     0  startup.o(RESET)
    Comp2_Handler                            0x0000022f   Thumb Code     0  startup.o(RESET)
    Ethernet_Handler                         0x0000022f   Thumb Code     0  startup.o(RESET)
    ExtBus_Handler                           0x0000022f   Thumb Code     0  startup.o(RESET)
    FPU_Handler                              0x0000022f   Thumb Code     0  startup.o(RESET)
    FlashCtl_Handler                         0x0000022f   Thumb Code     0  startup.o(RESET)
    GPIOPortA_Handler                        0x0000022f   Thumb Code     0  startup.o(RESET)
    GPIOPortB_Handler                        0x0000022f   Thumb Code     0  startup.o(RESET)
    GPIOPortC_Handler                        0x0000022f   Thumb Code     0  startup.o(RESET)
    GPIOPortD_Handler                        0x0000022f   Thumb Code     0  startup.o(RESET)
    GPIOPortE_Handler                        0x0000022f   Thumb Code     0  startup.o(RESET)
    GPIOPortF_Handler                        0x0000022f   Thumb Code     0  startup.o(RESET)
    GPIOPortG_Handler                        0x0000022f   Thumb Code     0  startup.o(RESET)
    GPIOPortH_Handler                        0x0000022f   Thumb Code     0  startup.o(RESET)
    GPIOPortJ_Handler                        0x0000022f   Thumb Code     0  startup.o(RESET)
    GPIOPortK_Handler                        0x0000022f   Thumb Code     0  startup.o(RESET)
    GPIOPortL_Handler                        0x0000022f   Thumb Code     0  startup.o(RESET)
    GPIOPortM_Handler                        0x0000022f   Thumb Code     0  startup.o(RESET)
    GPIOPortN_Handler                        0x0000022f   Thumb Code     0  startup.o(RESET)
    GPIOPortP1_Handler                       0x0000022f   Thumb Code     0  startup.o(RESET)
    GPIOPortP2_Handler                       0x0000022f   Thumb Code     0  startup.o(RESET)
    GPIOPortP3_Handler                       0x0000022f   Thumb Code     0  startup.o(RESET)
    GPIOPortP4_Handler                       0x0000022f   Thumb Code     0  startup.o(RESET)
    GPIOPortP5_Handler                       0x0000022f   Thumb Code     0  startup.o(RESET)
    GPIOPortP6_Handler                       0x0000022f   Thumb Code     0  startup.o(RESET)
    GPIOPortP7_Handler                       0x0000022f   Thumb Code     0  startup.o(RESET)
    GPIOPortP_Handler                        0x0000022f   Thumb Code     0  startup.o(RESET)
    GPIOPortQ1_Handler                       0x0000022f   Thumb Code     0  startup.o(RESET)
    GPIOPortQ2_Handler                       0x0000022f   Thumb Code     0  startup.o(RESET)
    GPIOPortQ3_Handler                       0x0000022f   Thumb Code     0  startup.o(RESET)
    GPIOPortQ4_Handler                       0x0000022f   Thumb Code     0  startup.o(RESET)
    GPIOPortQ5_Handler                       0x0000022f   Thumb Code     0  startup.o(RESET)
    GPIOPortQ6_Handler                       0x0000022f   Thumb Code     0  startup.o(RESET)
    GPIOPortQ7_Handler                       0x0000022f   Thumb Code     0  startup.o(RESET)
    GPIOPortQ_Handler                        0x0000022f   Thumb Code     0  startup.o(RESET)
    Hibernate_Handler                        0x0000022f   Thumb Code     0  startup.o(RESET)
    I2C0_Handler                             0x0000022f   Thumb Code     0  startup.o(RESET)
    I2C1_Handler                             0x0000022f   Thumb Code     0  startup.o(RESET)
    I2C2_Handler                             0x0000022f   Thumb Code     0  startup.o(RESET)
    I2C3_Handler                             0x0000022f   Thumb Code     0  startup.o(RESET)
    I2C4_Handler                             0x0000022f   Thumb Code     0  startup.o(RESET)
    I2C5_Handler                             0x0000022f   Thumb Code     0  startup.o(RESET)
    I2C6_Handler                             0x0000022f   Thumb Code     0  startup.o(RESET)
    I2C7_Handler                             0x0000022f   Thumb Code     0  startup.o(RESET)
    I2C8_Handler                             0x0000022f   Thumb Code     0  startup.o(RESET)
    I2C9_Handler                             0x0000022f   Thumb Code     0  startup.o(RESET)
    PWM0Fault_Handler                        0x0000022f   Thumb Code     0  startup.o(RESET)
    PWM0Generator0_Handler                   0x0000022f   Thumb Code     0  startup.o(RESET)
    PWM0Generator1_Handler                   0x0000022f   Thumb Code     0  startup.o(RESET)
    PWM0Generator2_Handler                   0x0000022f   Thumb Code     0  startup.o(RESET)
    PWM0Generator3_Handler                   0x0000022f   Thumb Code     0  startup.o(RESET)
    Quadrature0_Handler                      0x0000022f   Thumb Code     0  startup.o(RESET)
    SSI0_Handler                             0x0000022f   Thumb Code     0  startup.o(RESET)
    SSI1_Handler                             0x0000022f   Thumb Code     0  startup.o(RESET)
    SSI2_Handler                             0x0000022f   Thumb Code     0  startup.o(RESET)
    SSI3_Handler                             0x0000022f   Thumb Code     0  startup.o(RESET)
    SysCtl_Handler                           0x0000022f   Thumb Code     0  startup.o(RESET)
    Tamper_Handler                           0x0000022f   Thumb Code     0  startup.o(RESET)
    Timer0A_Handler                          0x0000022f   Thumb Code     0  startup.o(RESET)
    Timer0B_Handler                          0x0000022f   Thumb Code     0  startup.o(RESET)
    Timer1A_Handler                          0x0000022f   Thumb Code     0  startup.o(RESET)
    Timer1B_Handler                          0x0000022f   Thumb Code     0  startup.o(RESET)
    Timer2A_Handler                          0x0000022f   Thumb Code     0  startup.o(RESET)
    Timer2B_Handler                          0x0000022f   Thumb Code     0  startup.o(RESET)
    Timer3A_Handler                          0x0000022f   Thumb Code     0  startup.o(RESET)
    Timer3B_Handler                          0x0000022f   Thumb Code     0  startup.o(RESET)
    Timer4A_Handler                          0x0000022f   Thumb Code     0  startup.o(RESET)
    Timer4B_Handler                          0x0000022f   Thumb Code     0  startup.o(RESET)
    Timer5A_Handler                          0x0000022f   Thumb Code     0  startup.o(RESET)
    Timer5B_Handler                          0x0000022f   Thumb Code     0  startup.o(RESET)
    Timer6A_Handler                          0x0000022f   Thumb Code     0  startup.o(RESET)
    Timer6B_Handler                          0x0000022f   Thumb Code     0  startup.o(RESET)
    Timer7A_Handler                          0x0000022f   Thumb Code     0  startup.o(RESET)
    Timer7B_Handler                          0x0000022f   Thumb Code     0  startup.o(RESET)
    UART0_Handler                            0x0000022f   Thumb Code     0  startup.o(RESET)
    UART1_Handler                            0x0000022f   Thumb Code     0  startup.o(RESET)
    UART2_Handler                            0x0000022f   Thumb Code     0  startup.o(RESET)
    UART3_Handler                            0x0000022f   Thumb Code     0  startup.o(RESET)
    UART4_Handler                            0x0000022f   Thumb Code     0  startup.o(RESET)
    UART5_Handler                            0x0000022f   Thumb Code     0  startup.o(RESET)
    UART6_Handler                            0x0000022f   Thumb Code     0  startup.o(RESET)
    UART7_Handler                            0x0000022f   Thumb Code     0  startup.o(RESET)
    USB0_Handler                             0x0000022f   Thumb Code     0  startup.o(RESET)
    WDT_Handler                              0x0000022f   Thumb Code     0  startup.o(RESET)
    uDMA_Error                               0x0000022f   Thumb Code     0  startup.o(RESET)
    uDMA_Handler                             0x0000022f   Thumb Code     0  startup.o(RESET)
    __main                                   0x00000231   Thumb Code     8  __main.o(!!!main)
    __scatterload                            0x00000239   Thumb Code     0  __scatter.o(!!!scatter)
    __scatterload_rt2                        0x00000239   Thumb Code    44  __scatter.o(!!!scatter)
    __scatterload_rt2_thumb_only             0x00000239   Thumb Code     0  __scatter.o(!!!scatter)
    __scatterload_null                       0x00000247   Thumb Code     0  __scatter.o(!!!scatter)
    __scatterload_zeroinit                   0x0000026d   Thumb Code    28  __scatter_zi.o(!!handler_zi)
    __rt_lib_init                            0x00000289   Thumb Code     0  libinit.o(.ARM.Collect$$libinit$$00000000)
    __rt_lib_init_fp_1                       0x0000028b   Thumb Code     0  libinit2.o(.ARM.Collect$$libinit$$00000001)
    __rt_lib_init_alloca_1                   0x0000028f   Thumb Code     0  libinit2.o(.ARM.Collect$$libinit$$0000002E)
    __rt_lib_init_argv_1                     0x0000028f   Thumb Code     0  libinit2.o(.ARM.Collect$$libinit$$0000002C)
    __rt_lib_init_atexit_1                   0x0000028f   Thumb Code     0  libinit2.o(.ARM.Collect$$libinit$$0000001B)
    __rt_lib_init_clock_1                    0x0000028f   Thumb Code     0  libinit2.o(.ARM.Collect$$libinit$$00000021)
    __rt_lib_init_cpp_1                      0x0000028f   Thumb Code     0  libinit2.o(.ARM.Collect$$libinit$$00000032)
    __rt_lib_init_exceptions_1               0x0000028f   Thumb Code     0  libinit2.o(.ARM.Collect$$libinit$$00000030)
    __rt_lib_init_fp_trap_1                  0x0000028f   Thumb Code     0  libinit2.o(.ARM.Collect$$libinit$$0000001F)
    __rt_lib_init_getenv_1                   0x0000028f   Thumb Code     0  libinit2.o(.ARM.Collect$$libinit$$00000023)
    __rt_lib_init_heap_1                     0x0000028f   Thumb Code     0  libinit2.o(.ARM.Collect$$libinit$$0000000A)
    __rt_lib_init_lc_collate_1               0x0000028f   Thumb Code     0  libinit2.o(.ARM.Collect$$libinit$$00000011)
    __rt_lib_init_lc_ctype_1                 0x0000028f   Thumb Code     0  libinit2.o(.ARM.Collect$$libinit$$00000013)
    __rt_lib_init_lc_monetary_1              0x0000028f   Thumb Code     0  libinit2.o(.ARM.Collect$$libinit$$00000015)
    __rt_lib_init_lc_numeric_1               0x0000028f   Thumb Code     0  libinit2.o(.ARM.Collect$$libinit$$00000017)
    __rt_lib_init_lc_time_1                  0x0000028f   Thumb Code     0  libinit2.o(.ARM.Collect$$libinit$$00000019)
    __rt_lib_init_preinit_1                  0x0000028f   Thumb Code     0  libinit2.o(.ARM.Collect$$libinit$$00000004)
    __rt_lib_init_rand_1                     0x0000028f   Thumb Code     0  libinit2.o(.ARM.Collect$$libinit$$0000000E)
    __rt_lib_init_return                     0x0000028f   Thumb Code     0  libinit2.o(.ARM.Collect$$libinit$$00000033)
    __rt_lib_init_signal_1                   0x0000028f   Thumb Code     0  libinit2.o(.ARM.Collect$$libinit$$0000001D)
    __rt_lib_init_stdio_1                    0x0000028f   Thumb Code     0  libinit2.o(.ARM.Collect$$libinit$$00000025)
    __rt_lib_init_user_alloc_1               0x0000028f   Thumb Code     0  libinit2.o(.ARM.Collect$$libinit$$0000000C)
    __rt_lib_shutdown                        0x00000291   Thumb Code     0  libshutdown.o(.ARM.Collect$$libshutdown$$00000000)
    __rt_lib_shutdown_cpp_1                  0x00000293   Thumb Code     0  libshutdown2.o(.ARM.Collect$$libshutdown$$00000002)
    __rt_lib_shutdown_fp_trap_1              0x00000293   Thumb Code     0  libshutdown2.o(.ARM.Collect$$libshutdown$$00000007)
    __rt_lib_shutdown_heap_1                 0x00000293   Thumb Code     0  libshutdown2.o(.ARM.Collect$$libshutdown$$0000000F)
    __rt_lib_shutdown_return                 0x00000293   Thumb Code     0  libshutdown2.o(.ARM.Collect$$libshutdown$$00000010)
    __rt_lib_shutdown_signal_1               0x00000293   Thumb Code     0  libshutdown2.o(.ARM.Collect$$libshutdown$$0000000A)
    __rt_lib_shutdown_stdio_1                0x00000293   Thumb Code     0  libshutdown2.o(.ARM.Collect$$libshutdown$$00000004)
    __rt_lib_shutdown_user_alloc_1           0x00000293   Thumb Code     0  libshutdown2.o(.ARM.Collect$$libshutdown$$0000000C)
    __rt_entry                               0x00000295   Thumb Code     0  __rtentry.o(.ARM.Collect$$rtentry$$00000000)
    __rt_entry_presh_1                       0x00000295   Thumb Code     0  __rtentry2.o(.ARM.Collect$$rtentry$$00000002)
    __rt_entry_sh                            0x00000295   Thumb Code     0  __rtentry4.o(.ARM.Collect$$rtentry$$00000004)
    __rt_entry_li                            0x0000029b   Thumb Code     0  __rtentry2.o(.ARM.Collect$$rtentry$$0000000A)
    __rt_entry_postsh_1                      0x0000029b   Thumb Code     0  __rtentry2.o(.ARM.Collect$$rtentry$$00000009)
    __rt_entry_main                          0x0000029f   Thumb Code     0  __rtentry2.o(.ARM.Collect$$rtentry$$0000000D)
    __rt_entry_postli_1                      0x0000029f   Thumb Code     0  __rtentry2.o(.ARM.Collect$$rtentry$$0000000C)
    __rt_exit                                0x000002a7   Thumb Code     0  rtexit.o(.ARM.Collect$$rtexit$$00000000)
    __rt_exit_ls                             0x000002a9   Thumb Code     0  rtexit2.o(.ARM.Collect$$rtexit$$00000003)
    __rt_exit_prels_1                        0x000002a9   Thumb Code     0  rtexit2.o(.ARM.Collect$$rtexit$$00000002)
    __rt_exit_exit                           0x000002ad   Thumb Code     0  rtexit2.o(.ARM.Collect$$rtexit$$00000004)
    DisableInterrupts                        0x000002b5   Thumb Code     0  startup.o(.text)
    EnableInterrupts                         0x000002b9   Thumb Code     0  startup.o(.text)
    StartCritical                            0x000002bd   Thumb Code     0  startup.o(.text)
    EndCritical                              0x000002c5   Thumb Code     0  startup.o(.text)
    WaitForInterrupt                         0x000002cb   Thumb Code     0  startup.o(.text)
    __user_initial_stackheap                 0x000002cf   Thumb Code     0  startup.o(.text)
    PLL_Init                                 0x000002e5   Thumb Code     0  utils.o(.text)
    SysTick_Init                             0x0000040d   Thumb Code     0  utils.o(.text)
    SysTick_Wait1ms                          0x00000447   Thumb Code     0  utils.o(.text)
    __use_two_region_memory                  0x000004c9   Thumb Code     2  heapauxi.o(.text)
    __rt_heap_escrow$2region                 0x000004cb   Thumb Code     2  heapauxi.o(.text)
    __rt_heap_expand$2region                 0x000004cd   Thumb Code     2  heapauxi.o(.text)
    __user_setup_stackheap                   0x000004cf   Thumb Code    74  sys_stackheap_outer.o(.text)
    exit                                     0x00000519   Thumb Code    18  exit.o(.text)
    __user_libspace                          0x0000052d   Thumb Code     8  libspace.o(.text)
    __user_perproc_libspace                  0x0000052d   Thumb Code     0  libspace.o(.text)
    __user_perthread_libspace                0x0000052d   Thumb Code     0  libspace.o(.text)
    _sys_exit                                0x00000535   Thumb Code     8  sys_exit.o(.text)
    __I$use$semihosting                      0x00000541   Thumb Code     0  use_no_semi.o(.text)
    __use_no_semihosting_swi                 0x00000541   Thumb Code     2  use_no_semi.o(.text)
    __semihosting_library_function           0x00000543   Thumb Code     0  indicate_semi.o(.text)
    GPIO_Init                                0x00000545   Thumb Code   264  gpio.o(.text.GPIO_Init)
    ReadRX                                   0x0000064d   Thumb Code    22  communication.o(.text.ReadRX)
    ReadRXLoop                               0x00000665   Thumb Code    20  communication.o(.text.ReadRXLoop)
    ReadWord                                 0x00000679   Thumb Code    44  communication.o(.text.ReadWord)
    Uart_init                                0x000006a5   Thumb Code   100  communication.o(.text.Uart_init)
    WriteTX                                  0x00000709   Thumb Code    18  communication.o(.text.WriteTX)
    WriteTXDouble                            0x00000721   Thumb Code   352  communication.o(.text.WriteTXDouble)
    WriteTXNumber8                           0x00000881   Thumb Code   124  communication.o(.text.WriteTXNumber8)
    WriteWord                                0x000008fd   Thumb Code    34  communication.o(.text.WriteWord)
    clean_putty                              0x00000921   Thumb Code    28  communication.o(.text.clean_putty)
    convertCharacterNumber                   0x0000093d   Thumb Code    32  communication.o(.text.convertCharacterNumber)
    convertNumberCharacter                   0x0000095d   Thumb Code    62  communication.o(.text.convertNumberCharacter)
    main                                     0x000009a1   Thumb Code   648  main.o(.text.main)
    motorStateTransition                     0x00000ced   Thumb Code    30  motor.o(.text.motorStateTransition)
    move_cursor_beginning_putty              0x00000d0d   Thumb Code    28  communication.o(.text.move_cursor_beginning_putty)
    move_cursor_line_position                0x00000d29   Thumb Code    30  communication.o(.text.move_cursor_line_position)
    print_Info_Motor                         0x00000d49   Thumb Code    64  main.o(.text.print_Info_Motor)
    setStepMotorVoltage                      0x00000da1   Thumb Code    82  motor.o(.text.setStepMotorVoltage)
    __aeabi_dadd                             0x00000df5   Thumb Code     0  daddsub_clz.o(x$fpl$dadd)
    _dadd                                    0x00000df5   Thumb Code   332  daddsub_clz.o(x$fpl$dadd)
    __fpl_dcmp_Inf                           0x00000f45   Thumb Code    24  dcmpi.o(x$fpl$dcmpinf)
    __aeabi_ddiv                             0x00000f5d   Thumb Code     0  ddiv.o(x$fpl$ddiv)
    _ddiv                                    0x00000f5d   Thumb Code   556  ddiv.o(x$fpl$ddiv)
    __aeabi_cdcmpeq                          0x00001211   Thumb Code     0  deqf.o(x$fpl$deqf)
    _dcmpeq                                  0x00001211   Thumb Code   120  deqf.o(x$fpl$deqf)
    __aeabi_d2iz                             0x00001289   Thumb Code     0  dfix.o(x$fpl$dfix)
    _dfix                                    0x00001289   Thumb Code    94  dfix.o(x$fpl$dfix)
    __aeabi_i2d                              0x000012e7   Thumb Code     0  dflt_clz.o(x$fpl$dflt)
    _dflt                                    0x000012e7   Thumb Code    46  dflt_clz.o(x$fpl$dflt)
    __aeabi_ui2d                             0x00001315   Thumb Code     0  dflt_clz.o(x$fpl$dfltu)
    _dfltu                                   0x00001315   Thumb Code    38  dflt_clz.o(x$fpl$dfltu)
    __aeabi_cdcmpge                          0x0000133d   Thumb Code     0  dgeqf.o(x$fpl$dgeqf)
    _dcmpge                                  0x0000133d   Thumb Code   120  dgeqf.o(x$fpl$dgeqf)
    __aeabi_cdcmple                          0x000013b5   Thumb Code     0  dleqf.o(x$fpl$dleqf)
    _dcmple                                  0x000013b5   Thumb Code   120  dleqf.o(x$fpl$dleqf)
    __fpl_dcmple_InfNaN                      0x00001417   Thumb Code     0  dleqf.o(x$fpl$dleqf)
    __aeabi_dmul                             0x0000142d   Thumb Code     0  dmul.o(x$fpl$dmul)
    _dmul                                    0x0000142d   Thumb Code   332  dmul.o(x$fpl$dmul)
    __fpl_dnaninf                            0x00001581   Thumb Code   156  dnaninf.o(x$fpl$dnaninf)
    __fpl_dretinf                            0x0000161d   Thumb Code    12  dretinf.o(x$fpl$dretinf)
    __aeabi_dsub                             0x00001629   Thumb Code     0  daddsub_clz.o(x$fpl$dsub)
    _dsub                                    0x00001629   Thumb Code   472  daddsub_clz.o(x$fpl$dsub)
    __aeabi_dcmpeq                           0x00001805   Thumb Code     0  dcmp.o(x$fpl$fcmp)
    _deq                                     0x00001805   Thumb Code    14  dcmp.o(x$fpl$fcmp)
    _dneq                                    0x00001813   Thumb Code    14  dcmp.o(x$fpl$fcmp)
    __aeabi_dcmpgt                           0x00001821   Thumb Code     0  dcmp.o(x$fpl$fcmp)
    _dgr                                     0x00001821   Thumb Code    14  dcmp.o(x$fpl$fcmp)
    __aeabi_dcmpge                           0x0000182f   Thumb Code     0  dcmp.o(x$fpl$fcmp)
    _dgeq                                    0x0000182f   Thumb Code    14  dcmp.o(x$fpl$fcmp)
    __aeabi_dcmple                           0x0000183d   Thumb Code     0  dcmp.o(x$fpl$fcmp)
    _dleq                                    0x0000183d   Thumb Code    14  dcmp.o(x$fpl$fcmp)
    __aeabi_dcmplt                           0x0000184b   Thumb Code     0  dcmp.o(x$fpl$fcmp)
    _dls                                     0x0000184b   Thumb Code    14  dcmp.o(x$fpl$fcmp)
    _fp_init                                 0x00001859   Thumb Code    26  fpinit.o(x$fpl$fpinit)
    __fplib_config_fpu_vfp                   0x00001871   Thumb Code     0  fpinit.o(x$fpl$fpinit)
    __fplib_config_pureend_doubles           0x00001871   Thumb Code     0  fpinit.o(x$fpl$fpinit)
    __I$use$fp                               0x00001872   Number         0  usenofp.o(x$fpl$usenofp)
    Region$$Table$$Base                      0x000018e4   Number         0  anon$$obj.o(Region$$Table)
    Region$$Table$$Limit                     0x000018f4   Number         0  anon$$obj.o(Region$$Table)
    __libspace_start                         0x20000000   Data          96  libspace.o(.bss)
    __temporary_stack_top$libspace           0x20000060   Data           0  libspace.o(.bss)



==============================================================================

Memory Map of the image

  Image Entry point : 0x00000209

  Load Region LR_1 (Base: 0x00000000, Size: 0x000018f4, Max: 0xffffffff, ABSOLUTE)

    Execution Region ER_RO (Exec base: 0x00000000, Load base: 0x00000000, Size: 0x000018f4, Max: 0xffffffff, ABSOLUTE)

    Exec Addr    Load Addr    Size         Type   Attr      Idx    E Section Name        Object

    0x00000000   0x00000000   0x00000230   Code   RO           33  * RESET               startup.o
    0x00000230   0x00000230   0x00000008   Code   RO          103  * !!!main             c_w.l(__main.o)
    0x00000238   0x00000238   0x00000034   Code   RO          303    !!!scatter          c_w.l(__scatter.o)
    0x0000026c   0x0000026c   0x0000001c   Code   RO          305    !!handler_zi        c_w.l(__scatter_zi.o)
    0x00000288   0x00000288   0x00000002   Code   RO          167    .ARM.Collect$$libinit$$00000000  c_w.l(libinit.o)
    0x0000028a   0x0000028a   0x00000004   Code   RO          173    .ARM.Collect$$libinit$$00000001  c_w.l(libinit2.o)
    0x0000028e   0x0000028e   0x00000000   Code   RO          176    .ARM.Collect$$libinit$$00000004  c_w.l(libinit2.o)
    0x0000028e   0x0000028e   0x00000000   Code   RO          179    .ARM.Collect$$libinit$$0000000A  c_w.l(libinit2.o)
    0x0000028e   0x0000028e   0x00000000   Code   RO          181    .ARM.Collect$$libinit$$0000000C  c_w.l(libinit2.o)
    0x0000028e   0x0000028e   0x00000000   Code   RO          183    .ARM.Collect$$libinit$$0000000E  c_w.l(libinit2.o)
    0x0000028e   0x0000028e   0x00000000   Code   RO          186    .ARM.Collect$$libinit$$00000011  c_w.l(libinit2.o)
    0x0000028e   0x0000028e   0x00000000   Code   RO          188    .ARM.Collect$$libinit$$00000013  c_w.l(libinit2.o)
    0x0000028e   0x0000028e   0x00000000   Code   RO          190    .ARM.Collect$$libinit$$00000015  c_w.l(libinit2.o)
    0x0000028e   0x0000028e   0x00000000   Code   RO          192    .ARM.Collect$$libinit$$00000017  c_w.l(libinit2.o)
    0x0000028e   0x0000028e   0x00000000   Code   RO          194    .ARM.Collect$$libinit$$00000019  c_w.l(libinit2.o)
    0x0000028e   0x0000028e   0x00000000   Code   RO          196    .ARM.Collect$$libinit$$0000001B  c_w.l(libinit2.o)
    0x0000028e   0x0000028e   0x00000000   Code   RO          198    .ARM.Collect$$libinit$$0000001D  c_w.l(libinit2.o)
    0x0000028e   0x0000028e   0x00000000   Code   RO          200    .ARM.Collect$$libinit$$0000001F  c_w.l(libinit2.o)
    0x0000028e   0x0000028e   0x00000000   Code   RO          202    .ARM.Collect$$libinit$$00000021  c_w.l(libinit2.o)
    0x0000028e   0x0000028e   0x00000000   Code   RO          204    .ARM.Collect$$libinit$$00000023  c_w.l(libinit2.o)
    0x0000028e   0x0000028e   0x00000000   Code   RO          206    .ARM.Collect$$libinit$$00000025  c_w.l(libinit2.o)
    0x0000028e   0x0000028e   0x00000000   Code   RO          210    .ARM.Collect$$libinit$$0000002C  c_w.l(libinit2.o)
    0x0000028e   0x0000028e   0x00000000   Code   RO          212    .ARM.Collect$$libinit$$0000002E  c_w.l(libinit2.o)
    0x0000028e   0x0000028e   0x00000000   Code   RO          214    .ARM.Collect$$libinit$$00000030  c_w.l(libinit2.o)
    0x0000028e   0x0000028e   0x00000000   Code   RO          216    .ARM.Collect$$libinit$$00000032  c_w.l(libinit2.o)
    0x0000028e   0x0000028e   0x00000002   Code   RO          217    .ARM.Collect$$libinit$$00000033  c_w.l(libinit2.o)
    0x00000290   0x00000290   0x00000002   Code   RO          239    .ARM.Collect$$libshutdown$$00000000  c_w.l(libshutdown.o)
    0x00000292   0x00000292   0x00000000   Code   RO          254    .ARM.Collect$$libshutdown$$00000002  c_w.l(libshutdown2.o)
    0x00000292   0x00000292   0x00000000   Code   RO          256    .ARM.Collect$$libshutdown$$00000004  c_w.l(libshutdown2.o)
    0x00000292   0x00000292   0x00000000   Code   RO          259    .ARM.Collect$$libshutdown$$00000007  c_w.l(libshutdown2.o)
    0x00000292   0x00000292   0x00000000   Code   RO          262    .ARM.Collect$$libshutdown$$0000000A  c_w.l(libshutdown2.o)
    0x00000292   0x00000292   0x00000000   Code   RO          264    .ARM.Collect$$libshutdown$$0000000C  c_w.l(libshutdown2.o)
    0x00000292   0x00000292   0x00000000   Code   RO          267    .ARM.Collect$$libshutdown$$0000000F  c_w.l(libshutdown2.o)
    0x00000292   0x00000292   0x00000002   Code   RO          268    .ARM.Collect$$libshutdown$$00000010  c_w.l(libshutdown2.o)
    0x00000294   0x00000294   0x00000000   Code   RO          129    .ARM.Collect$$rtentry$$00000000  c_w.l(__rtentry.o)
    0x00000294   0x00000294   0x00000000   Code   RO          142    .ARM.Collect$$rtentry$$00000002  c_w.l(__rtentry2.o)
    0x00000294   0x00000294   0x00000006   Code   RO          154    .ARM.Collect$$rtentry$$00000004  c_w.l(__rtentry4.o)
    0x0000029a   0x0000029a   0x00000000   Code   RO          144    .ARM.Collect$$rtentry$$00000009  c_w.l(__rtentry2.o)
    0x0000029a   0x0000029a   0x00000004   Code   RO          145    .ARM.Collect$$rtentry$$0000000A  c_w.l(__rtentry2.o)
    0x0000029e   0x0000029e   0x00000000   Code   RO          147    .ARM.Collect$$rtentry$$0000000C  c_w.l(__rtentry2.o)
    0x0000029e   0x0000029e   0x00000008   Code   RO          148    .ARM.Collect$$rtentry$$0000000D  c_w.l(__rtentry2.o)
    0x000002a6   0x000002a6   0x00000002   Code   RO          171    .ARM.Collect$$rtexit$$00000000  c_w.l(rtexit.o)
    0x000002a8   0x000002a8   0x00000000   Code   RO          219    .ARM.Collect$$rtexit$$00000002  c_w.l(rtexit2.o)
    0x000002a8   0x000002a8   0x00000004   Code   RO          220    .ARM.Collect$$rtexit$$00000003  c_w.l(rtexit2.o)
    0x000002ac   0x000002ac   0x00000006   Code   RO          221    .ARM.Collect$$rtexit$$00000004  c_w.l(rtexit2.o)
    0x000002b2   0x000002b2   0x00000002   PAD
    0x000002b4   0x000002b4   0x00000030   Code   RO           34    .text               startup.o
    0x000002e4   0x000002e4   0x000001e4   Code   RO           42    .text               utils.o
    0x000004c8   0x000004c8   0x00000006   Code   RO          101    .text               c_w.l(heapauxi.o)
    0x000004ce   0x000004ce   0x0000004a   Code   RO          158    .text               c_w.l(sys_stackheap_outer.o)
    0x00000518   0x00000518   0x00000012   Code   RO          160    .text               c_w.l(exit.o)
    0x0000052a   0x0000052a   0x00000002   PAD
    0x0000052c   0x0000052c   0x00000008   Code   RO          168    .text               c_w.l(libspace.o)
    0x00000534   0x00000534   0x0000000c   Code   RO          229    .text               c_w.l(sys_exit.o)
    0x00000540   0x00000540   0x00000002   Code   RO          244    .text               c_w.l(use_no_semi.o)
    0x00000542   0x00000542   0x00000000   Code   RO          246    .text               c_w.l(indicate_semi.o)
    0x00000542   0x00000542   0x00000002   PAD
    0x00000544   0x00000544   0x00000108   Code   RO            2    .text.GPIO_Init     gpio.o
    0x0000064c   0x0000064c   0x00000016   Code   RO           62    .text.ReadRX        communication.o
    0x00000662   0x00000662   0x00000002   PAD
    0x00000664   0x00000664   0x00000014   Code   RO           64    .text.ReadRXLoop    communication.o
    0x00000678   0x00000678   0x0000002c   Code   RO           66    .text.ReadWord      communication.o
    0x000006a4   0x000006a4   0x00000064   Code   RO           60    .text.Uart_init     communication.o
    0x00000708   0x00000708   0x00000012   Code   RO           68    .text.WriteTX       communication.o
    0x0000071a   0x0000071a   0x00000006   PAD
    0x00000720   0x00000720   0x00000160   Code   RO           88    .text.WriteTXDouble  communication.o
    0x00000880   0x00000880   0x0000007c   Code   RO           86    .text.WriteTXNumber8  communication.o
    0x000008fc   0x000008fc   0x00000022   Code   RO           72    .text.WriteWord     communication.o
    0x0000091e   0x0000091e   0x00000002   PAD
    0x00000920   0x00000920   0x0000001c   Code   RO           74    .text.clean_putty   communication.o
    0x0000093c   0x0000093c   0x00000020   Code   RO           84    .text.convertCharacterNumber  communication.o
    0x0000095c   0x0000095c   0x0000003e   Code   RO           82    .text.convertNumberCharacter  communication.o
    0x0000099a   0x0000099a   0x00000006   PAD
    0x000009a0   0x000009a0   0x0000034c   Code   RO           18    .text.main          main.o
    0x00000cec   0x00000cec   0x0000001e   Code   RO           48    .text.motorStateTransition  motor.o
    0x00000d0a   0x00000d0a   0x00000002   PAD
    0x00000d0c   0x00000d0c   0x0000001c   Code   RO           76    .text.move_cursor_beginning_putty  communication.o
    0x00000d28   0x00000d28   0x0000001e   Code   RO           80    .text.move_cursor_line_position  communication.o
    0x00000d46   0x00000d46   0x00000002   PAD
    0x00000d48   0x00000d48   0x00000058   Code   RO           20    .text.print_Info_Motor  main.o
    0x00000da0   0x00000da0   0x00000052   Code   RO           50    .text.setStepMotorVoltage  motor.o
    0x00000df2   0x00000df2   0x00000002   PAD
    0x00000df4   0x00000df4   0x00000150   Code   RO          105    x$fpl$dadd          fz_wm.l(daddsub_clz.o)
    0x00000f44   0x00000f44   0x00000018   Code   RO          156    x$fpl$dcmpinf       fz_wm.l(dcmpi.o)
    0x00000f5c   0x00000f5c   0x000002b4   Code   RO          114    x$fpl$ddiv          fz_wm.l(ddiv.o)
    0x00001210   0x00001210   0x00000078   Code   RO          130    x$fpl$deqf          fz_wm.l(deqf.o)
    0x00001288   0x00001288   0x0000005e   Code   RO          117    x$fpl$dfix          fz_wm.l(dfix.o)
    0x000012e6   0x000012e6   0x0000002e   Code   RO          122    x$fpl$dflt          fz_wm.l(dflt_clz.o)
    0x00001314   0x00001314   0x00000026   Code   RO          121    x$fpl$dfltu         fz_wm.l(dflt_clz.o)
    0x0000133a   0x0000133a   0x00000002   PAD
    0x0000133c   0x0000133c   0x00000078   Code   RO          132    x$fpl$dgeqf         fz_wm.l(dgeqf.o)
    0x000013b4   0x000013b4   0x00000078   Code   RO          134    x$fpl$dleqf         fz_wm.l(dleqf.o)
    0x0000142c   0x0000142c   0x00000154   Code   RO          127    x$fpl$dmul          fz_wm.l(dmul.o)
    0x00001580   0x00001580   0x0000009c   Code   RO          136    x$fpl$dnaninf       fz_wm.l(dnaninf.o)
    0x0000161c   0x0000161c   0x0000000c   Code   RO          138    x$fpl$dretinf       fz_wm.l(dretinf.o)
    0x00001628   0x00001628   0x000001dc   Code   RO          107    x$fpl$dsub          fz_wm.l(daddsub_clz.o)
    0x00001804   0x00001804   0x00000054   Code   RO          111    x$fpl$fcmp          fz_wm.l(dcmp.o)
    0x00001858   0x00001858   0x0000001a   Code   RO          227    x$fpl$fpinit        fz_wm.l(fpinit.o)
    0x00001872   0x00001872   0x00000000   Code   RO          140    x$fpl$usenofp       fz_wm.l(usenofp.o)
    0x00001872   0x00001872   0x00000071   Data   RO           22    .rodata.str1.1      main.o
    0x000018e3   0x000018e3   0x00000001   PAD
    0x000018e4   0x000018e4   0x00000010   Data   RO          302    Region$$Table       anon$$obj.o


    Execution Region ER_RW (Exec base: 0x20000000, Load base: 0x000018f4, Size: 0x00000000, Max: 0xffffffff, ABSOLUTE)

    **** No section assigned to this execution region ****


    Execution Region ER_ZI (Exec base: 0x20000000, Load base: 0x000018f4, Size: 0x00000460, Max: 0xffffffff, ABSOLUTE)

    Exec Addr    Load Addr    Size         Type   Attr      Idx    E Section Name        Object

    0x20000000        -       0x00000060   Zero   RW          169    .bss                c_w.l(libspace.o)
    0x20000060        -       0x00000000   Zero   RW           32    HEAP                startup.o
    0x20000060        -       0x00000400   Zero   RW           31    STACK               startup.o


==============================================================================

Image component sizes


      Code (inc. data)   RO Data    RW Data    ZI Data      Debug   Object Name

       894         26          0          0          0       5390   communication.o
       264          0          0          0          0       1234   gpio.o
       932        220        113          0          0       2297   main.o
       112          8          0          0          0       1673   motor.o
       608        532          0          0       1024        976   startup.o
       484         92          0          0          0        352   utils.o

    ----------------------------------------------------------------------
      3316        878        130          0       1024      11922   Object Totals
         0          0         16          0          0          0   (incl. Generated)
        22          0          1          0          0          0   (incl. Padding)

    ----------------------------------------------------------------------

      Code (inc. data)   RO Data    RW Data    ZI Data      Debug   Library Member Name

         8          0          0          0          0         68   __main.o
         0          0          0          0          0          0   __rtentry.o
        12          0          0          0          0          0   __rtentry2.o
         6          0          0          0          0          0   __rtentry4.o
        52          8          0          0          0          0   __scatter.o
        28          0          0          0          0          0   __scatter_zi.o
        18          0          0          0          0         80   exit.o
         6          0          0          0          0        152   heapauxi.o
         0          0          0          0          0          0   indicate_semi.o
         2          0          0          0          0          0   libinit.o
         6          0          0          0          0          0   libinit2.o
         2          0          0          0          0          0   libshutdown.o
         2          0          0          0          0          0   libshutdown2.o
         8          4          0          0         96         68   libspace.o
         2          0          0          0          0          0   rtexit.o
        10          0          0          0          0          0   rtexit2.o
        12          4          0          0          0         68   sys_exit.o
        74          0          0          0          0         80   sys_stackheap_outer.o
         2          0          0          0          0         68   use_no_semi.o
       812         16          0          0          0        392   daddsub_clz.o
        84          0          0          0          0        244   dcmp.o
        24          0          0          0          0        116   dcmpi.o
       692        140          0          0          0        264   ddiv.o
       120          4          0          0          0        140   deqf.o
        94          4          0          0          0        140   dfix.o
        84          0          0          0          0        232   dflt_clz.o
       120          4          0          0          0        140   dgeqf.o
       120          4          0          0          0        140   dleqf.o
       340         12          0          0          0        152   dmul.o
       156          4          0          0          0        140   dnaninf.o
        12          0          0          0          0        116   dretinf.o
        26          0          0          0          0        116   fpinit.o
         0          0          0          0          0          0   usenofp.o

    ----------------------------------------------------------------------
      2942        204          0          0         96       2916   Library Totals
         8          0          0          0          0          0   (incl. Padding)

    ----------------------------------------------------------------------

      Code (inc. data)   RO Data    RW Data    ZI Data      Debug   Library Name

       250         16          0          0         96        584   c_w.l
      2684        188          0          0          0       2332   fz_wm.l

    ----------------------------------------------------------------------
      2942        204          0          0         96       2916   Library Totals

    ----------------------------------------------------------------------

==============================================================================


      Code (inc. data)   RO Data    RW Data    ZI Data      Debug   

      6258       1082        130          0       1120      13154   Grand Totals
      6258       1082        130          0       1120      13154   ELF Image Totals
      6258       1082        130          0          0          0   ROM Totals

==============================================================================

    Total RO  Size (Code + RO Data)                 6388 (   6.24kB)
    Total RW  Size (RW Data + ZI Data)              1120 (   1.09kB)
    Total ROM Size (Code + RO Data + RW Data)       6388 (   6.24kB)

==============================================================================

