Component: ARM Compiler 6.16 Tool: armlink [5dfeaa00]

==============================================================================

Section Cross References

    gpio.o(.text.GPIO_Init) refers to gpio.o(.text.PortJ_interrupt_init) for PortJ_interrupt_init
    gpio.o(.text.GPIO_Init) refers to gpio.o(.text.ADC0_init) for ADC0_init
    gpio.o(.text.GPIO_Init) refers to gpio.o(.text.Timer0A_init) for Timer0A_init
    gpio.o(.ARM.exidx.text.GPIO_Init) refers to gpio.o(.text.GPIO_Init) for [Anonymous Symbol]
    gpio.o(.ARM.exidx.text.PortJ_interrupt_init) refers to gpio.o(.text.PortJ_interrupt_init) for [Anonymous Symbol]
    gpio.o(.ARM.exidx.text.ADC0_init) refers to gpio.o(.text.ADC0_init) for [Anonymous Symbol]
    gpio.o(.ARM.exidx.text.Timer0A_init) refers to gpio.o(.text.Timer0A_init) for [Anonymous Symbol]
    gpio.o(.ARM.exidx.text.PortJ_Input) refers to gpio.o(.text.PortJ_Input) for [Anonymous Symbol]
    gpio.o(.ARM.exidx.text.PortE_Input) refers to gpio.o(.text.PortE_Input) for [Anonymous Symbol]
    gpio.o(.ARM.exidx.text.PortA_Output) refers to gpio.o(.text.PortA_Output) for [Anonymous Symbol]
    gpio.o(.ARM.exidx.text.PortQ_Output) refers to gpio.o(.text.PortQ_Output) for [Anonymous Symbol]
    gpio.o(.ARM.exidx.text.PortH_Output) refers to gpio.o(.text.PortH_Output) for [Anonymous Symbol]
    gpio.o(.ARM.exidx.text.PortE_Output) refers to gpio.o(.text.PortE_Output) for [Anonymous Symbol]
    gpio.o(.ARM.exidx.text.adc_convertion) refers to gpio.o(.text.adc_convertion) for [Anonymous Symbol]
    gpio.o(.text.Timer0A_Handler) refers to motor.o(.bss.motor_rot) for motor_rot
    gpio.o(.text.Timer0A_Handler) refers to motor.o(.bss.motor_state) for motor_state
    gpio.o(.text.Timer0A_Handler) refers to motor.o(.data.duty_cycle) for duty_cycle
    gpio.o(.text.Timer0A_Handler) refers to gpio.o(.text.PortE_Output) for PortE_Output
    gpio.o(.ARM.exidx.text.Timer0A_Handler) refers to gpio.o(.text.Timer0A_Handler) for [Anonymous Symbol]
    gpio.o(.ARM.exidx.text.GPIOPortJ_Handler) refers to gpio.o(.text.GPIOPortJ_Handler) for [Anonymous Symbol]
    main.o(.text.main) refers to motor.o(.data.duty_cycle) for duty_cycle
    main.o(.text.main) refers to utils.o(.text) for PLL_Init
    main.o(.text.main) refers to gpio.o(.text.GPIO_Init) for GPIO_Init
    main.o(.text.main) refers to lcd.o(.text) for LCD_Init
    main.o(.text.main) refers to main.o(.rodata.str1.1) for .L.str
    main.o(.text.main) refers to decode.o(.text) for Read_KeyboardC
    main.o(.text.main) refers to main.o(.text.LCD_WriteLines) for LCD_WriteLines
    main.o(.text.main) refers to gpio.o(.text.adc_convertion) for adc_convertion
    main.o(.text.main) refers to main.o(.text.LCD_SecondLine) for LCD_SecondLine
    main.o(.text.main) refers to main.o(.text.printVelocity) for printVelocity
    main.o(.text.main) refers to motor.o(.bss.motor_rot) for motor_rot
    main.o(.ARM.exidx.text.main) refers to main.o(.text.main) for [Anonymous Symbol]
    main.o(.text.LCD_WriteLines) refers to lcd.o(.text) for LCD_Reset
    main.o(.ARM.exidx.text.LCD_WriteLines) refers to main.o(.text.LCD_WriteLines) for [Anonymous Symbol]
    main.o(.text.LCD_SecondLine) refers to strlen.o(.text) for strlen
    main.o(.text.LCD_SecondLine) refers to lcd.o(.text) for LCD_Move_Cursor
    main.o(.ARM.exidx.text.LCD_SecondLine) refers to main.o(.text.LCD_SecondLine) for [Anonymous Symbol]
    main.o(.text.printVelocity) refers to lcd.o(.text) for LCD_Move_Cursor
    main.o(.text.printVelocity) refers to main.o(.text.convertNumberCharacter) for convertNumberCharacter
    main.o(.ARM.exidx.text.printVelocity) refers to main.o(.text.printVelocity) for [Anonymous Symbol]
    main.o(.ARM.exidx.text.convertNumberCharacter) refers to main.o(.text.convertNumberCharacter) for [Anonymous Symbol]
    startup.o(STACK) refers (Special) to heapauxi.o(.text) for __use_two_region_memory
    startup.o(HEAP) refers (Special) to heapauxi.o(.text) for __use_two_region_memory
    startup.o(RESET) refers (Special) to heapauxi.o(.text) for __use_two_region_memory
    startup.o(RESET) refers to startup.o(STACK) for StackMem
    startup.o(RESET) refers to gpio.o(.text.Timer0A_Handler) for Timer0A_Handler
    startup.o(RESET) refers to gpio.o(.text.GPIOPortJ_Handler) for GPIOPortJ_Handler
    startup.o(RESET) refers to __main.o(!!!main) for __main
    startup.o(.text) refers (Special) to heapauxi.o(.text) for __use_two_region_memory
    startup.o(.text) refers to startup.o(HEAP) for HeapMem
    startup.o(.text) refers to startup.o(STACK) for StackMem
    decode.o(.text) refers to utils.o(.text) for SysTick_Wait1ms
    lcd.o(.text) refers (Special) to utils.o(.text) for SysTick_Wait1ms
    __main.o(!!!main) refers to __rtentry.o(.ARM.Collect$$rtentry$$00000000) for __rt_entry
    __rtentry.o(.ARM.Collect$$rtentry$$00000000) refers (Special) to __rtentry2.o(.ARM.Collect$$rtentry$$0000000A) for __rt_entry_li
    __rtentry.o(.ARM.Collect$$rtentry$$00000000) refers (Special) to __rtentry2.o(.ARM.Collect$$rtentry$$0000000D) for __rt_entry_main
    __rtentry.o(.ARM.Collect$$rtentry$$00000000) refers (Special) to __rtentry2.o(.ARM.Collect$$rtentry$$0000000C) for __rt_entry_postli_1
    __rtentry.o(.ARM.Collect$$rtentry$$00000000) refers (Special) to __rtentry2.o(.ARM.Collect$$rtentry$$00000009) for __rt_entry_postsh_1
    __rtentry.o(.ARM.Collect$$rtentry$$00000000) refers (Special) to __rtentry2.o(.ARM.Collect$$rtentry$$00000002) for __rt_entry_presh_1
    __rtentry.o(.ARM.Collect$$rtentry$$00000000) refers (Special) to __rtentry4.o(.ARM.Collect$$rtentry$$00000004) for __rt_entry_sh
    __rtentry2.o(.ARM.Collect$$rtentry$$00000008) refers to boardinit2.o(.text) for _platform_post_stackheap_init
    __rtentry2.o(.ARM.Collect$$rtentry$$0000000A) refers to libinit.o(.ARM.Collect$$libinit$$00000000) for __rt_lib_init
    __rtentry2.o(.ARM.Collect$$rtentry$$0000000B) refers to boardinit3.o(.text) for _platform_post_lib_init
    __rtentry2.o(.ARM.Collect$$rtentry$$0000000D) refers to main.o(.text.main) for main
    __rtentry2.o(.ARM.Collect$$rtentry$$0000000D) refers to exit.o(.text) for exit
    __rtentry2.o(.ARM.exidx) refers to __rtentry2.o(.ARM.Collect$$rtentry$$00000001) for .ARM.Collect$$rtentry$$00000001
    __rtentry2.o(.ARM.exidx) refers to __rtentry2.o(.ARM.Collect$$rtentry$$00000008) for .ARM.Collect$$rtentry$$00000008
    __rtentry2.o(.ARM.exidx) refers to __rtentry2.o(.ARM.Collect$$rtentry$$0000000A) for .ARM.Collect$$rtentry$$0000000A
    __rtentry2.o(.ARM.exidx) refers to __rtentry2.o(.ARM.Collect$$rtentry$$0000000B) for .ARM.Collect$$rtentry$$0000000B
    __rtentry2.o(.ARM.exidx) refers to __rtentry2.o(.ARM.Collect$$rtentry$$0000000D) for .ARM.Collect$$rtentry$$0000000D
    __rtentry4.o(.ARM.Collect$$rtentry$$00000004) refers to sys_stackheap_outer.o(.text) for __user_setup_stackheap
    __rtentry4.o(.ARM.exidx) refers to __rtentry4.o(.ARM.Collect$$rtentry$$00000004) for .ARM.Collect$$rtentry$$00000004
    sys_stackheap_outer.o(.text) refers to libspace.o(.text) for __user_perproc_libspace
    sys_stackheap_outer.o(.text) refers to startup.o(.text) for __user_initial_stackheap
    exit.o(.text) refers to rtexit.o(.ARM.Collect$$rtexit$$00000000) for __rt_exit
    libinit.o(.ARM.Collect$$libinit$$00000000) refers (Special) to libinit2.o(.ARM.Collect$$libinit$$0000002E) for __rt_lib_init_alloca_1
    libinit.o(.ARM.Collect$$libinit$$00000000) refers (Special) to libinit2.o(.ARM.Collect$$libinit$$0000002C) for __rt_lib_init_argv_1
    libinit.o(.ARM.Collect$$libinit$$00000000) refers (Special) to libinit2.o(.ARM.Collect$$libinit$$0000001B) for __rt_lib_init_atexit_1
    libinit.o(.ARM.Collect$$libinit$$00000000) refers (Special) to libinit2.o(.ARM.Collect$$libinit$$00000021) for __rt_lib_init_clock_1
    libinit.o(.ARM.Collect$$libinit$$00000000) refers (Special) to libinit2.o(.ARM.Collect$$libinit$$00000032) for __rt_lib_init_cpp_1
    libinit.o(.ARM.Collect$$libinit$$00000000) refers (Special) to libinit2.o(.ARM.Collect$$libinit$$00000030) for __rt_lib_init_exceptions_1
    libinit.o(.ARM.Collect$$libinit$$00000000) refers (Special) to libinit2.o(.ARM.Collect$$libinit$$00000001) for __rt_lib_init_fp_1
    libinit.o(.ARM.Collect$$libinit$$00000000) refers (Special) to libinit2.o(.ARM.Collect$$libinit$$0000001F) for __rt_lib_init_fp_trap_1
    libinit.o(.ARM.Collect$$libinit$$00000000) refers (Special) to libinit2.o(.ARM.Collect$$libinit$$00000023) for __rt_lib_init_getenv_1
    libinit.o(.ARM.Collect$$libinit$$00000000) refers (Special) to libinit2.o(.ARM.Collect$$libinit$$0000000A) for __rt_lib_init_heap_1
    libinit.o(.ARM.Collect$$libinit$$00000000) refers (Special) to libinit2.o(.ARM.Collect$$libinit$$00000011) for __rt_lib_init_lc_collate_1
    libinit.o(.ARM.Collect$$libinit$$00000000) refers (Special) to libinit2.o(.ARM.Collect$$libinit$$00000013) for __rt_lib_init_lc_ctype_1
    libinit.o(.ARM.Collect$$libinit$$00000000) refers (Special) to libinit2.o(.ARM.Collect$$libinit$$00000015) for __rt_lib_init_lc_monetary_1
    libinit.o(.ARM.Collect$$libinit$$00000000) refers (Special) to libinit2.o(.ARM.Collect$$libinit$$00000017) for __rt_lib_init_lc_numeric_1
    libinit.o(.ARM.Collect$$libinit$$00000000) refers (Special) to libinit2.o(.ARM.Collect$$libinit$$00000019) for __rt_lib_init_lc_time_1
    libinit.o(.ARM.Collect$$libinit$$00000000) refers (Special) to libinit2.o(.ARM.Collect$$libinit$$00000004) for __rt_lib_init_preinit_1
    libinit.o(.ARM.Collect$$libinit$$00000000) refers (Special) to libinit2.o(.ARM.Collect$$libinit$$0000000E) for __rt_lib_init_rand_1
    libinit.o(.ARM.Collect$$libinit$$00000000) refers (Special) to libinit2.o(.ARM.Collect$$libinit$$00000033) for __rt_lib_init_return
    libinit.o(.ARM.Collect$$libinit$$00000000) refers (Special) to libinit2.o(.ARM.Collect$$libinit$$0000001D) for __rt_lib_init_signal_1
    libinit.o(.ARM.Collect$$libinit$$00000000) refers (Special) to libinit2.o(.ARM.Collect$$libinit$$00000025) for __rt_lib_init_stdio_1
    libinit.o(.ARM.Collect$$libinit$$00000000) refers (Special) to libinit2.o(.ARM.Collect$$libinit$$0000000C) for __rt_lib_init_user_alloc_1
    libspace.o(.text) refers to libspace.o(.bss) for __libspace_start
    rtexit.o(.ARM.Collect$$rtexit$$00000000) refers (Special) to rtexit2.o(.ARM.Collect$$rtexit$$00000004) for __rt_exit_exit
    rtexit.o(.ARM.Collect$$rtexit$$00000000) refers (Special) to rtexit2.o(.ARM.Collect$$rtexit$$00000003) for __rt_exit_ls
    rtexit.o(.ARM.Collect$$rtexit$$00000000) refers (Special) to rtexit2.o(.ARM.Collect$$rtexit$$00000002) for __rt_exit_prels_1
    rtexit.o(.ARM.exidx) refers (Special) to rtexit2.o(.ARM.Collect$$rtexit$$00000004) for __rt_exit_exit
    rtexit.o(.ARM.exidx) refers (Special) to rtexit2.o(.ARM.Collect$$rtexit$$00000003) for __rt_exit_ls
    rtexit.o(.ARM.exidx) refers (Special) to rtexit2.o(.ARM.Collect$$rtexit$$00000002) for __rt_exit_prels_1
    rtexit.o(.ARM.exidx) refers to rtexit.o(.ARM.Collect$$rtexit$$00000000) for .ARM.Collect$$rtexit$$00000000
    libinit2.o(.ARM.Collect$$libinit$$00000001) refers to fpinit.o(x$fpl$fpinit) for _fp_init
    libinit2.o(.ARM.Collect$$libinit$$00000010) refers to libinit2.o(.ARM.Collect$$libinit$$0000000F) for .ARM.Collect$$libinit$$0000000F
    libinit2.o(.ARM.Collect$$libinit$$00000012) refers to libinit2.o(.ARM.Collect$$libinit$$0000000F) for .ARM.Collect$$libinit$$0000000F
    libinit2.o(.ARM.Collect$$libinit$$00000014) refers to libinit2.o(.ARM.Collect$$libinit$$0000000F) for .ARM.Collect$$libinit$$0000000F
    libinit2.o(.ARM.Collect$$libinit$$00000016) refers to libinit2.o(.ARM.Collect$$libinit$$0000000F) for .ARM.Collect$$libinit$$0000000F
    libinit2.o(.ARM.Collect$$libinit$$00000018) refers to libinit2.o(.ARM.Collect$$libinit$$0000000F) for .ARM.Collect$$libinit$$0000000F
    libinit2.o(.ARM.Collect$$libinit$$00000026) refers to argv_veneer.o(.emb_text) for __ARM_argv_veneer
    libinit2.o(.ARM.Collect$$libinit$$00000027) refers to argv_veneer.o(.emb_text) for __ARM_argv_veneer
    rtexit2.o(.ARM.Collect$$rtexit$$00000003) refers to libshutdown.o(.ARM.Collect$$libshutdown$$00000000) for __rt_lib_shutdown
    rtexit2.o(.ARM.Collect$$rtexit$$00000004) refers to sys_exit.o(.text) for _sys_exit
    rtexit2.o(.ARM.exidx) refers to rtexit2.o(.ARM.Collect$$rtexit$$00000001) for .ARM.Collect$$rtexit$$00000001
    rtexit2.o(.ARM.exidx) refers to rtexit2.o(.ARM.Collect$$rtexit$$00000003) for .ARM.Collect$$rtexit$$00000003
    rtexit2.o(.ARM.exidx) refers to rtexit2.o(.ARM.Collect$$rtexit$$00000004) for .ARM.Collect$$rtexit$$00000004
    argv_veneer.o(.emb_text) refers to no_argv.o(.text) for __ARM_get_argv
    sys_exit.o(.text) refers (Special) to use_no_semi.o(.text) for __I$use$semihosting
    sys_exit.o(.text) refers (Special) to indicate_semi.o(.text) for __semihosting_library_function
    sys_exit_hlt.o(.text) refers (Special) to use_no_semi.o(.text) for __I$use$semihosting
    sys_exit_hlt.o(.text) refers (Special) to indicate_semi.o(.text) for __semihosting_library_function
    _get_argv_nomalloc.o(.text) refers (Special) to hrguard.o(.text) for __heap_region$guard
    _get_argv_nomalloc.o(.text) refers to defsig_rtmem_outer.o(.text) for __rt_SIGRTMEM
    _get_argv_nomalloc.o(.text) refers to sys_command.o(.text) for _sys_command_string
    libshutdown.o(.ARM.Collect$$libshutdown$$00000000) refers (Special) to libshutdown2.o(.ARM.Collect$$libshutdown$$00000002) for __rt_lib_shutdown_cpp_1
    libshutdown.o(.ARM.Collect$$libshutdown$$00000000) refers (Special) to libshutdown2.o(.ARM.Collect$$libshutdown$$00000007) for __rt_lib_shutdown_fp_trap_1
    libshutdown.o(.ARM.Collect$$libshutdown$$00000000) refers (Special) to libshutdown2.o(.ARM.Collect$$libshutdown$$0000000F) for __rt_lib_shutdown_heap_1
    libshutdown.o(.ARM.Collect$$libshutdown$$00000000) refers (Special) to libshutdown2.o(.ARM.Collect$$libshutdown$$00000010) for __rt_lib_shutdown_return
    libshutdown.o(.ARM.Collect$$libshutdown$$00000000) refers (Special) to libshutdown2.o(.ARM.Collect$$libshutdown$$0000000A) for __rt_lib_shutdown_signal_1
    libshutdown.o(.ARM.Collect$$libshutdown$$00000000) refers (Special) to libshutdown2.o(.ARM.Collect$$libshutdown$$00000004) for __rt_lib_shutdown_stdio_1
    libshutdown.o(.ARM.Collect$$libshutdown$$00000000) refers (Special) to libshutdown2.o(.ARM.Collect$$libshutdown$$0000000C) for __rt_lib_shutdown_user_alloc_1
    sys_command.o(.text) refers (Special) to use_no_semi.o(.text) for __I$use$semihosting
    sys_command.o(.text) refers (Special) to indicate_semi.o(.text) for __semihosting_library_function
    sys_command_hlt.o(.text) refers (Special) to use_no_semi.o(.text) for __I$use$semihosting
    sys_command_hlt.o(.text) refers (Special) to indicate_semi.o(.text) for __semihosting_library_function
    defsig_rtmem_outer.o(.text) refers to defsig_rtmem_inner.o(.text) for __rt_SIGRTMEM_inner
    defsig_rtmem_outer.o(.text) refers to defsig_exit.o(.text) for __sig_exit
    defsig_rtmem_formal.o(.text) refers to rt_raise.o(.text) for __rt_raise
    rt_raise.o(.text) refers to __raise.o(.text) for __raise
    rt_raise.o(.text) refers to sys_exit.o(.text) for _sys_exit
    defsig_exit.o(.text) refers to sys_exit.o(.text) for _sys_exit
    defsig_rtmem_inner.o(.text) refers to defsig_general.o(.text) for __default_signal_display
    __raise.o(.text) refers to defsig.o(CL$$defsig) for __default_signal_handler
    defsig_general.o(.text) refers to sys_wrch.o(.text) for _ttywrch
    sys_wrch.o(.text) refers (Special) to use_no_semi.o(.text) for __I$use$semihosting
    sys_wrch.o(.text) refers (Special) to indicate_semi.o(.text) for __semihosting_library_function
    sys_wrch_hlt.o(.text) refers (Special) to use_no_semi.o(.text) for __I$use$semihosting
    sys_wrch_hlt.o(.text) refers (Special) to indicate_semi.o(.text) for __semihosting_library_function
    defsig.o(CL$$defsig) refers to defsig_rtmem_inner.o(.text) for __rt_SIGRTMEM_inner
    defsig_abrt_inner.o(.text) refers to defsig_general.o(.text) for __default_signal_display
    defsig_fpe_inner.o(.text) refers to defsig_general.o(.text) for __default_signal_display
    defsig_rtred_inner.o(.text) refers to defsig_general.o(.text) for __default_signal_display
    defsig_stak_inner.o(.text) refers to defsig_general.o(.text) for __default_signal_display
    defsig_pvfn_inner.o(.text) refers to defsig_general.o(.text) for __default_signal_display
    defsig_cppl_inner.o(.text) refers to defsig_general.o(.text) for __default_signal_display
    defsig_segv_inner.o(.text) refers to defsig_general.o(.text) for __default_signal_display
    defsig_other.o(.text) refers to defsig_general.o(.text) for __default_signal_display


==============================================================================

Removing Unused input sections from the image.

    Removing gpio.o(.text), (0 bytes).
    Removing gpio.o(.ARM.exidx.text.GPIO_Init), (8 bytes).
    Removing gpio.o(.ARM.exidx.text.PortJ_interrupt_init), (8 bytes).
    Removing gpio.o(.ARM.exidx.text.ADC0_init), (8 bytes).
    Removing gpio.o(.ARM.exidx.text.Timer0A_init), (8 bytes).
    Removing gpio.o(.text.PortJ_Input), (12 bytes).
    Removing gpio.o(.ARM.exidx.text.PortJ_Input), (8 bytes).
    Removing gpio.o(.text.PortE_Input), (12 bytes).
    Removing gpio.o(.ARM.exidx.text.PortE_Input), (8 bytes).
    Removing gpio.o(.text.PortA_Output), (36 bytes).
    Removing gpio.o(.ARM.exidx.text.PortA_Output), (8 bytes).
    Removing gpio.o(.text.PortQ_Output), (36 bytes).
    Removing gpio.o(.ARM.exidx.text.PortQ_Output), (8 bytes).
    Removing gpio.o(.text.PortH_Output), (48 bytes).
    Removing gpio.o(.ARM.exidx.text.PortH_Output), (8 bytes).
    Removing gpio.o(.ARM.exidx.text.PortE_Output), (8 bytes).
    Removing gpio.o(.ARM.exidx.text.adc_convertion), (8 bytes).
    Removing gpio.o(.ARM.exidx.text.Timer0A_Handler), (8 bytes).
    Removing gpio.o(.ARM.exidx.text.GPIOPortJ_Handler), (8 bytes).
    Removing main.o(.text), (0 bytes).
    Removing main.o(.ARM.exidx.text.main), (8 bytes).
    Removing main.o(.ARM.exidx.text.LCD_WriteLines), (8 bytes).
    Removing main.o(.ARM.exidx.text.LCD_SecondLine), (8 bytes).
    Removing main.o(.ARM.exidx.text.printVelocity), (8 bytes).
    Removing main.o(.ARM.exidx.text.convertNumberCharacter), (8 bytes).
    Removing main.o(.ARM.use_no_argv), (4 bytes).
    Removing motor.o(.text), (0 bytes).

27 unused section(s) (total 292 bytes) removed from the image.

==============================================================================

Image Symbol Table

    Local Symbols

    Symbol Name                              Value     Ov Type        Size  Object(Section)

    ../clib/angel/boardlib.s                 0x00000000   Number         0  boardinit1.o ABSOLUTE
    ../clib/angel/boardlib.s                 0x00000000   Number         0  boardinit2.o ABSOLUTE
    ../clib/angel/boardlib.s                 0x00000000   Number         0  boardinit3.o ABSOLUTE
    ../clib/angel/boardlib.s                 0x00000000   Number         0  boardshut.o ABSOLUTE
    ../clib/angel/handlers.s                 0x00000000   Number         0  __scatter_copy.o ABSOLUTE
    ../clib/angel/handlers.s                 0x00000000   Number         0  __scatter_zi.o ABSOLUTE
    ../clib/angel/kernel.s                   0x00000000   Number         0  __rtentry.o ABSOLUTE
    ../clib/angel/kernel.s                   0x00000000   Number         0  __rtentry2.o ABSOLUTE
    ../clib/angel/kernel.s                   0x00000000   Number         0  __rtentry4.o ABSOLUTE
    ../clib/angel/kernel.s                   0x00000000   Number         0  rtexit.o ABSOLUTE
    ../clib/angel/kernel.s                   0x00000000   Number         0  rtexit2.o ABSOLUTE
    ../clib/angel/rt.s                       0x00000000   Number         0  rt_raise.o ABSOLUTE
    ../clib/angel/scatter.s                  0x00000000   Number         0  __scatter.o ABSOLUTE
    ../clib/angel/startup.s                  0x00000000   Number         0  __main.o ABSOLUTE
    ../clib/angel/sys.s                      0x00000000   Number         0  sys_stackheap_outer.o ABSOLUTE
    ../clib/angel/sys.s                      0x00000000   Number         0  libspace.o ABSOLUTE
    ../clib/angel/sys.s                      0x00000000   Number         0  use_no_semi.o ABSOLUTE
    ../clib/angel/sys.s                      0x00000000   Number         0  indicate_semi.o ABSOLUTE
    ../clib/angel/sysapp.c                   0x00000000   Number         0  sys_exit.o ABSOLUTE
    ../clib/angel/sysapp.c                   0x00000000   Number         0  sys_exit_hlt.o ABSOLUTE
    ../clib/angel/sysapp.c                   0x00000000   Number         0  sys_command.o ABSOLUTE
    ../clib/angel/sysapp.c                   0x00000000   Number         0  sys_command_hlt.o ABSOLUTE
    ../clib/angel/sysapp.c                   0x00000000   Number         0  sys_wrch.o ABSOLUTE
    ../clib/angel/sysapp.c                   0x00000000   Number         0  sys_wrch_hlt.o ABSOLUTE
    ../clib/armsys.c                         0x00000000   Number         0  argv_veneer.o ABSOLUTE
    ../clib/armsys.c                         0x00000000   Number         0  argv_veneer.o ABSOLUTE
    ../clib/armsys.c                         0x00000000   Number         0  _get_argv_nomalloc.o ABSOLUTE
    ../clib/armsys.c                         0x00000000   Number         0  no_argv.o ABSOLUTE
    ../clib/heapalloc.c                      0x00000000   Number         0  hrguard.o ABSOLUTE
    ../clib/heapaux.c                        0x00000000   Number         0  heapauxi.o ABSOLUTE
    ../clib/libinit.s                        0x00000000   Number         0  libinit.o ABSOLUTE
    ../clib/libinit.s                        0x00000000   Number         0  libinit2.o ABSOLUTE
    ../clib/libinit.s                        0x00000000   Number         0  libshutdown.o ABSOLUTE
    ../clib/libinit.s                        0x00000000   Number         0  libshutdown2.o ABSOLUTE
    ../clib/signal.c                         0x00000000   Number         0  defsig_rtmem_outer.o ABSOLUTE
    ../clib/signal.c                         0x00000000   Number         0  defsig_rtmem_formal.o ABSOLUTE
    ../clib/signal.c                         0x00000000   Number         0  defsig_exit.o ABSOLUTE
    ../clib/signal.c                         0x00000000   Number         0  defsig_rtmem_inner.o ABSOLUTE
    ../clib/signal.c                         0x00000000   Number         0  __raise.o ABSOLUTE
    ../clib/signal.c                         0x00000000   Number         0  defsig_general.o ABSOLUTE
    ../clib/signal.c                         0x00000000   Number         0  defsig_abrt_inner.o ABSOLUTE
    ../clib/signal.c                         0x00000000   Number         0  defsig_fpe_inner.o ABSOLUTE
    ../clib/signal.c                         0x00000000   Number         0  defsig_rtred_inner.o ABSOLUTE
    ../clib/signal.c                         0x00000000   Number         0  defsig_stak_inner.o ABSOLUTE
    ../clib/signal.c                         0x00000000   Number         0  defsig_pvfn_inner.o ABSOLUTE
    ../clib/signal.c                         0x00000000   Number         0  defsig_cppl_inner.o ABSOLUTE
    ../clib/signal.c                         0x00000000   Number         0  defsig_segv_inner.o ABSOLUTE
    ../clib/signal.c                         0x00000000   Number         0  defsig_other.o ABSOLUTE
    ../clib/signal.s                         0x00000000   Number         0  defsig.o ABSOLUTE
    ../clib/stdlib.c                         0x00000000   Number         0  exit.o ABSOLUTE
    ../clib/string.c                         0x00000000   Number         0  strlen.o ABSOLUTE
    ../fplib/fpinit.s                        0x00000000   Number         0  fpinit.o ABSOLUTE
    Decode.s                                 0x00000000   Number         0  decode.o ABSOLUTE
    dc.s                                     0x00000000   Number         0  dc.o ABSOLUTE
    gpio.c                                   0x00000000   Number         0  gpio.o ABSOLUTE
    lcd.s                                    0x00000000   Number         0  lcd.o ABSOLUTE
    main.c                                   0x00000000   Number         0  main.o ABSOLUTE
    motor.c                                  0x00000000   Number         0  motor.o ABSOLUTE
    startup.s                                0x00000000   Number         0  startup.o ABSOLUTE
    utils.s                                  0x00000000   Number         0  utils.o ABSOLUTE
    RESET                                    0x00000000   Section      560  startup.o(RESET)
    $v0                                      0x00000208   Number         0  startup.o(RESET)
    !!!main                                  0x00000230   Section        8  __main.o(!!!main)
    !!!scatter                               0x00000238   Section       52  __scatter.o(!!!scatter)
    !!handler_copy                           0x0000026c   Section       26  __scatter_copy.o(!!handler_copy)
    !!handler_zi                             0x00000288   Section       28  __scatter_zi.o(!!handler_zi)
    .ARM.Collect$$libinit$$00000000          0x000002a4   Section        2  libinit.o(.ARM.Collect$$libinit$$00000000)
    .ARM.Collect$$libinit$$00000001          0x000002a6   Section        4  libinit2.o(.ARM.Collect$$libinit$$00000001)
    .ARM.Collect$$libinit$$00000004          0x000002aa   Section        0  libinit2.o(.ARM.Collect$$libinit$$00000004)
    .ARM.Collect$$libinit$$0000000A          0x000002aa   Section        0  libinit2.o(.ARM.Collect$$libinit$$0000000A)
    .ARM.Collect$$libinit$$0000000C          0x000002aa   Section        0  libinit2.o(.ARM.Collect$$libinit$$0000000C)
    .ARM.Collect$$libinit$$0000000E          0x000002aa   Section        0  libinit2.o(.ARM.Collect$$libinit$$0000000E)
    .ARM.Collect$$libinit$$00000011          0x000002aa   Section        0  libinit2.o(.ARM.Collect$$libinit$$00000011)
    .ARM.Collect$$libinit$$00000013          0x000002aa   Section        0  libinit2.o(.ARM.Collect$$libinit$$00000013)
    .ARM.Collect$$libinit$$00000015          0x000002aa   Section        0  libinit2.o(.ARM.Collect$$libinit$$00000015)
    .ARM.Collect$$libinit$$00000017          0x000002aa   Section        0  libinit2.o(.ARM.Collect$$libinit$$00000017)
    .ARM.Collect$$libinit$$00000019          0x000002aa   Section        0  libinit2.o(.ARM.Collect$$libinit$$00000019)
    .ARM.Collect$$libinit$$0000001B          0x000002aa   Section        0  libinit2.o(.ARM.Collect$$libinit$$0000001B)
    .ARM.Collect$$libinit$$0000001D          0x000002aa   Section        0  libinit2.o(.ARM.Collect$$libinit$$0000001D)
    .ARM.Collect$$libinit$$0000001F          0x000002aa   Section        0  libinit2.o(.ARM.Collect$$libinit$$0000001F)
    .ARM.Collect$$libinit$$00000021          0x000002aa   Section        0  libinit2.o(.ARM.Collect$$libinit$$00000021)
    .ARM.Collect$$libinit$$00000023          0x000002aa   Section        0  libinit2.o(.ARM.Collect$$libinit$$00000023)
    .ARM.Collect$$libinit$$00000025          0x000002aa   Section        0  libinit2.o(.ARM.Collect$$libinit$$00000025)
    .ARM.Collect$$libinit$$0000002C          0x000002aa   Section        0  libinit2.o(.ARM.Collect$$libinit$$0000002C)
    .ARM.Collect$$libinit$$0000002E          0x000002aa   Section        0  libinit2.o(.ARM.Collect$$libinit$$0000002E)
    .ARM.Collect$$libinit$$00000030          0x000002aa   Section        0  libinit2.o(.ARM.Collect$$libinit$$00000030)
    .ARM.Collect$$libinit$$00000032          0x000002aa   Section        0  libinit2.o(.ARM.Collect$$libinit$$00000032)
    .ARM.Collect$$libinit$$00000033          0x000002aa   Section        2  libinit2.o(.ARM.Collect$$libinit$$00000033)
    .ARM.Collect$$libshutdown$$00000000      0x000002ac   Section        2  libshutdown.o(.ARM.Collect$$libshutdown$$00000000)
    .ARM.Collect$$libshutdown$$00000002      0x000002ae   Section        0  libshutdown2.o(.ARM.Collect$$libshutdown$$00000002)
    .ARM.Collect$$libshutdown$$00000004      0x000002ae   Section        0  libshutdown2.o(.ARM.Collect$$libshutdown$$00000004)
    .ARM.Collect$$libshutdown$$00000007      0x000002ae   Section        0  libshutdown2.o(.ARM.Collect$$libshutdown$$00000007)
    .ARM.Collect$$libshutdown$$0000000A      0x000002ae   Section        0  libshutdown2.o(.ARM.Collect$$libshutdown$$0000000A)
    .ARM.Collect$$libshutdown$$0000000C      0x000002ae   Section        0  libshutdown2.o(.ARM.Collect$$libshutdown$$0000000C)
    .ARM.Collect$$libshutdown$$0000000F      0x000002ae   Section        0  libshutdown2.o(.ARM.Collect$$libshutdown$$0000000F)
    .ARM.Collect$$libshutdown$$00000010      0x000002ae   Section        2  libshutdown2.o(.ARM.Collect$$libshutdown$$00000010)
    .ARM.Collect$$rtentry$$00000000          0x000002b0   Section        0  __rtentry.o(.ARM.Collect$$rtentry$$00000000)
    .ARM.Collect$$rtentry$$00000002          0x000002b0   Section        0  __rtentry2.o(.ARM.Collect$$rtentry$$00000002)
    .ARM.Collect$$rtentry$$00000004          0x000002b0   Section        6  __rtentry4.o(.ARM.Collect$$rtentry$$00000004)
    .ARM.Collect$$rtentry$$00000009          0x000002b6   Section        0  __rtentry2.o(.ARM.Collect$$rtentry$$00000009)
    .ARM.Collect$$rtentry$$0000000A          0x000002b6   Section        4  __rtentry2.o(.ARM.Collect$$rtentry$$0000000A)
    .ARM.Collect$$rtentry$$0000000C          0x000002ba   Section        0  __rtentry2.o(.ARM.Collect$$rtentry$$0000000C)
    .ARM.Collect$$rtentry$$0000000D          0x000002ba   Section        8  __rtentry2.o(.ARM.Collect$$rtentry$$0000000D)
    .ARM.Collect$$rtexit$$00000000           0x000002c2   Section        2  rtexit.o(.ARM.Collect$$rtexit$$00000000)
    .ARM.Collect$$rtexit$$00000002           0x000002c4   Section        0  rtexit2.o(.ARM.Collect$$rtexit$$00000002)
    .ARM.Collect$$rtexit$$00000003           0x000002c4   Section        4  rtexit2.o(.ARM.Collect$$rtexit$$00000003)
    .ARM.Collect$$rtexit$$00000004           0x000002c8   Section        6  rtexit2.o(.ARM.Collect$$rtexit$$00000004)
    $v0                                      0x000002d0   Number         0  startup.o(.text)
    .text                                    0x000002d0   Section       48  startup.o(.text)
    $v0                                      0x00000300   Number         0  utils.o(.text)
    .text                                    0x00000300   Section      484  utils.o(.text)
    $v0                                      0x000004e4   Number         0  decode.o(.text)
    .text                                    0x000004e4   Section      620  decode.o(.text)
    $v0                                      0x00000750   Number         0  lcd.o(.text)
    .text                                    0x00000750   Section      444  lcd.o(.text)
    .text                                    0x0000090c   Section        0  strlen.o(.text)
    .text                                    0x0000094a   Section        0  heapauxi.o(.text)
    .text                                    0x00000950   Section       74  sys_stackheap_outer.o(.text)
    .text                                    0x0000099a   Section        0  exit.o(.text)
    .text                                    0x000009ac   Section        8  libspace.o(.text)
    .text                                    0x000009b4   Section        0  sys_exit.o(.text)
    .text                                    0x000009c0   Section        2  use_no_semi.o(.text)
    .text                                    0x000009c2   Section        0  indicate_semi.o(.text)
    [Anonymous Symbol]                       0x000009c4   Section        0  gpio.o(.text.ADC0_init)
    [Anonymous Symbol]                       0x00000a50   Section        0  gpio.o(.text.GPIOPortJ_Handler)
    [Anonymous Symbol]                       0x00000a54   Section        0  gpio.o(.text.GPIO_Init)
    [Anonymous Symbol]                       0x00000d10   Section        0  main.o(.text.LCD_SecondLine)
    [Anonymous Symbol]                       0x00000d50   Section        0  main.o(.text.LCD_WriteLines)
    [Anonymous Symbol]                       0x00000d74   Section        0  gpio.o(.text.PortE_Output)
    [Anonymous Symbol]                       0x00000dac   Section        0  gpio.o(.text.PortJ_interrupt_init)
    [Anonymous Symbol]                       0x00000e08   Section        0  gpio.o(.text.Timer0A_Handler)
    [Anonymous Symbol]                       0x00000ed0   Section        0  gpio.o(.text.Timer0A_init)
    [Anonymous Symbol]                       0x00000f68   Section        0  gpio.o(.text.adc_convertion)
    [Anonymous Symbol]                       0x00000fb0   Section        0  main.o(.text.convertNumberCharacter)
    [Anonymous Symbol]                       0x00001034   Section        0  main.o(.text.main)
    [Anonymous Symbol]                       0x000012b4   Section        0  main.o(.text.printVelocity)
    $v0                                      0x0000134a   Number         0  fpinit.o(x$fpl$fpinit)
    x$fpl$fpinit                             0x0000134a   Section       26  fpinit.o(x$fpl$fpinit)
    .L.str.8                                 0x00001364   Data           7  main.o(.rodata.str1.1)
    [Anonymous Symbol]                       0x00001364   Section        0  main.o(.rodata.str1.1)
    .L.str.9                                 0x0000136b   Data           7  main.o(.rodata.str1.1)
    .L.str.7                                 0x00001372   Data          13  main.o(.rodata.str1.1)
    .L.str.5                                 0x0000137f   Data          16  main.o(.rodata.str1.1)
    .L.str.6                                 0x0000138f   Data          16  main.o(.rodata.str1.1)
    .L.str.1                                 0x0000139f   Data          16  main.o(.rodata.str1.1)
    .L.str.3                                 0x000013af   Data          12  main.o(.rodata.str1.1)
    .L.str                                   0x000013bb   Data          13  main.o(.rodata.str1.1)
    .L.str.2                                 0x000013c8   Data          18  main.o(.rodata.str1.1)
    .L.str.4                                 0x000013da   Data          14  main.o(.rodata.str1.1)
    .bss                                     0x20000008   Section       96  libspace.o(.bss)
    HeapMem                                  0x20000070   Data           0  startup.o(HEAP)
    StackMem                                 0x20000070   Data           0  startup.o(STACK)
    HEAP                                     0x20000070   Section        0  startup.o(HEAP)
    STACK                                    0x20000070   Section     1024  startup.o(STACK)

    Global Symbols

    Symbol Name                              Value     Ov Type        Size  Object(Section)

    BuildAttributes$$THM_ISAv4$E$P$D$K$B$S$7EM$VFPi3$EXTD16$VFPS$VFMA$PE$A:L22UL41UL21$X:L11$S22US41US21$IEEE1$IW$~IW$USESV6$~STKCKD$USESV7$~SHL$OSPACE$ROPI$EBA8$UX$STANDARDLIB$REQ8$EABIv2 0x00000000   Number         0  anon$$obj.o ABSOLUTE
    __Vectors                                0x00000000   Data           0  startup.o(RESET)
    __ARM_exceptions_init                     - Undefined Weak Reference
    __alloca_initialize                       - Undefined Weak Reference
    __arm_preinit_                            - Undefined Weak Reference
    __cpp_initialize__aeabi_                  - Undefined Weak Reference
    __cxa_finalize                            - Undefined Weak Reference
    __rt_locale                               - Undefined Weak Reference
    __sigvec_lookup                           - Undefined Weak Reference
    _atexit_init                              - Undefined Weak Reference
    _call_atexit_fns                          - Undefined Weak Reference
    _clock_init                               - Undefined Weak Reference
    _fp_trap_init                             - Undefined Weak Reference
    _fp_trap_shutdown                         - Undefined Weak Reference
    _get_lc_collate                           - Undefined Weak Reference
    _get_lc_ctype                             - Undefined Weak Reference
    _get_lc_monetary                          - Undefined Weak Reference
    _get_lc_numeric                           - Undefined Weak Reference
    _get_lc_time                              - Undefined Weak Reference
    _getenv_init                              - Undefined Weak Reference
    _handle_redirection                       - Undefined Weak Reference
    _init_alloc                               - Undefined Weak Reference
    _init_user_alloc                          - Undefined Weak Reference
    _initio                                   - Undefined Weak Reference
    _rand_init                                - Undefined Weak Reference
    _signal_finish                            - Undefined Weak Reference
    _signal_init                              - Undefined Weak Reference
    _terminate_alloc                          - Undefined Weak Reference
    _terminate_user_alloc                     - Undefined Weak Reference
    _terminateio                              - Undefined Weak Reference
    Reset_Handler                            0x00000209   Thumb Code     0  startup.o(RESET)
    NMI_Handler                              0x0000021d   Thumb Code     2  startup.o(RESET)
    HardFault_Handler                        0x0000021f   Thumb Code     2  startup.o(RESET)
    MemManage_Handler                        0x00000221   Thumb Code     2  startup.o(RESET)
    BusFault_Handler                         0x00000223   Thumb Code     2  startup.o(RESET)
    UsageFault_Handler                       0x00000225   Thumb Code     2  startup.o(RESET)
    SVC_Handler                              0x00000227   Thumb Code     2  startup.o(RESET)
    DebugMon_Handler                         0x00000229   Thumb Code     2  startup.o(RESET)
    PendSV_Handler                           0x0000022b   Thumb Code     2  startup.o(RESET)
    SysTick_Handler                          0x0000022d   Thumb Code     2  startup.o(RESET)
    ADC0Seq0_Handler                         0x0000022f   Thumb Code     0  startup.o(RESET)
    ADC0Seq1_Handler                         0x0000022f   Thumb Code     0  startup.o(RESET)
    ADC0Seq2_Handler                         0x0000022f   Thumb Code     0  startup.o(RESET)
    ADC0Seq3_Handler                         0x0000022f   Thumb Code     0  startup.o(RESET)
    ADC1Seq0_Handler                         0x0000022f   Thumb Code     0  startup.o(RESET)
    ADC1Seq1_Handler                         0x0000022f   Thumb Code     0  startup.o(RESET)
    ADC1Seq2_Handler                         0x0000022f   Thumb Code     0  startup.o(RESET)
    ADC1Seq3_Handler                         0x0000022f   Thumb Code     0  startup.o(RESET)
    CAN0_Handler                             0x0000022f   Thumb Code     0  startup.o(RESET)
    CAN1_Handler                             0x0000022f   Thumb Code     0  startup.o(RESET)
    Comp0_Handler                            0x0000022f   Thumb Code     0  startup.o(RESET)
    Comp1_Handler                            0x0000022f   Thumb Code     0  startup.o(RESET)
    Comp2_Handler                            0x0000022f   Thumb Code     0  startup.o(RESET)
    Ethernet_Handler                         0x0000022f   Thumb Code     0  startup.o(RESET)
    ExtBus_Handler                           0x0000022f   Thumb Code     0  startup.o(RESET)
    FPU_Handler                              0x0000022f   Thumb Code     0  startup.o(RESET)
    FlashCtl_Handler                         0x0000022f   Thumb Code     0  startup.o(RESET)
    GPIOPortA_Handler                        0x0000022f   Thumb Code     0  startup.o(RESET)
    GPIOPortB_Handler                        0x0000022f   Thumb Code     0  startup.o(RESET)
    GPIOPortC_Handler                        0x0000022f   Thumb Code     0  startup.o(RESET)
    GPIOPortD_Handler                        0x0000022f   Thumb Code     0  startup.o(RESET)
    GPIOPortE_Handler                        0x0000022f   Thumb Code     0  startup.o(RESET)
    GPIOPortF_Handler                        0x0000022f   Thumb Code     0  startup.o(RESET)
    GPIOPortG_Handler                        0x0000022f   Thumb Code     0  startup.o(RESET)
    GPIOPortH_Handler                        0x0000022f   Thumb Code     0  startup.o(RESET)
    GPIOPortK_Handler                        0x0000022f   Thumb Code     0  startup.o(RESET)
    GPIOPortL_Handler                        0x0000022f   Thumb Code     0  startup.o(RESET)
    GPIOPortM_Handler                        0x0000022f   Thumb Code     0  startup.o(RESET)
    GPIOPortN_Handler                        0x0000022f   Thumb Code     0  startup.o(RESET)
    GPIOPortP1_Handler                       0x0000022f   Thumb Code     0  startup.o(RESET)
    GPIOPortP2_Handler                       0x0000022f   Thumb Code     0  startup.o(RESET)
    GPIOPortP3_Handler                       0x0000022f   Thumb Code     0  startup.o(RESET)
    GPIOPortP4_Handler                       0x0000022f   Thumb Code     0  startup.o(RESET)
    GPIOPortP5_Handler                       0x0000022f   Thumb Code     0  startup.o(RESET)
    GPIOPortP6_Handler                       0x0000022f   Thumb Code     0  startup.o(RESET)
    GPIOPortP7_Handler                       0x0000022f   Thumb Code     0  startup.o(RESET)
    GPIOPortP_Handler                        0x0000022f   Thumb Code     0  startup.o(RESET)
    GPIOPortQ1_Handler                       0x0000022f   Thumb Code     0  startup.o(RESET)
    GPIOPortQ2_Handler                       0x0000022f   Thumb Code     0  startup.o(RESET)
    GPIOPortQ3_Handler                       0x0000022f   Thumb Code     0  startup.o(RESET)
    GPIOPortQ4_Handler                       0x0000022f   Thumb Code     0  startup.o(RESET)
    GPIOPortQ5_Handler                       0x0000022f   Thumb Code     0  startup.o(RESET)
    GPIOPortQ6_Handler                       0x0000022f   Thumb Code     0  startup.o(RESET)
    GPIOPortQ7_Handler                       0x0000022f   Thumb Code     0  startup.o(RESET)
    GPIOPortQ_Handler                        0x0000022f   Thumb Code     0  startup.o(RESET)
    Hibernate_Handler                        0x0000022f   Thumb Code     0  startup.o(RESET)
    I2C0_Handler                             0x0000022f   Thumb Code     0  startup.o(RESET)
    I2C1_Handler                             0x0000022f   Thumb Code     0  startup.o(RESET)
    I2C2_Handler                             0x0000022f   Thumb Code     0  startup.o(RESET)
    I2C3_Handler                             0x0000022f   Thumb Code     0  startup.o(RESET)
    I2C4_Handler                             0x0000022f   Thumb Code     0  startup.o(RESET)
    I2C5_Handler                             0x0000022f   Thumb Code     0  startup.o(RESET)
    I2C6_Handler                             0x0000022f   Thumb Code     0  startup.o(RESET)
    I2C7_Handler                             0x0000022f   Thumb Code     0  startup.o(RESET)
    I2C8_Handler                             0x0000022f   Thumb Code     0  startup.o(RESET)
    I2C9_Handler                             0x0000022f   Thumb Code     0  startup.o(RESET)
    PWM0Fault_Handler                        0x0000022f   Thumb Code     0  startup.o(RESET)
    PWM0Generator0_Handler                   0x0000022f   Thumb Code     0  startup.o(RESET)
    PWM0Generator1_Handler                   0x0000022f   Thumb Code     0  startup.o(RESET)
    PWM0Generator2_Handler                   0x0000022f   Thumb Code     0  startup.o(RESET)
    PWM0Generator3_Handler                   0x0000022f   Thumb Code     0  startup.o(RESET)
    Quadrature0_Handler                      0x0000022f   Thumb Code     0  startup.o(RESET)
    SSI0_Handler                             0x0000022f   Thumb Code     0  startup.o(RESET)
    SSI1_Handler                             0x0000022f   Thumb Code     0  startup.o(RESET)
    SSI2_Handler                             0x0000022f   Thumb Code     0  startup.o(RESET)
    SSI3_Handler                             0x0000022f   Thumb Code     0  startup.o(RESET)
    SysCtl_Handler                           0x0000022f   Thumb Code     0  startup.o(RESET)
    Tamper_Handler                           0x0000022f   Thumb Code     0  startup.o(RESET)
    Timer0B_Handler                          0x0000022f   Thumb Code     0  startup.o(RESET)
    Timer1A_Handler                          0x0000022f   Thumb Code     0  startup.o(RESET)
    Timer1B_Handler                          0x0000022f   Thumb Code     0  startup.o(RESET)
    Timer2A_Handler                          0x0000022f   Thumb Code     0  startup.o(RESET)
    Timer2B_Handler                          0x0000022f   Thumb Code     0  startup.o(RESET)
    Timer3A_Handler                          0x0000022f   Thumb Code     0  startup.o(RESET)
    Timer3B_Handler                          0x0000022f   Thumb Code     0  startup.o(RESET)
    Timer4A_Handler                          0x0000022f   Thumb Code     0  startup.o(RESET)
    Timer4B_Handler                          0x0000022f   Thumb Code     0  startup.o(RESET)
    Timer5A_Handler                          0x0000022f   Thumb Code     0  startup.o(RESET)
    Timer5B_Handler                          0x0000022f   Thumb Code     0  startup.o(RESET)
    Timer6A_Handler                          0x0000022f   Thumb Code     0  startup.o(RESET)
    Timer6B_Handler                          0x0000022f   Thumb Code     0  startup.o(RESET)
    Timer7A_Handler                          0x0000022f   Thumb Code     0  startup.o(RESET)
    Timer7B_Handler                          0x0000022f   Thumb Code     0  startup.o(RESET)
    UART0_Handler                            0x0000022f   Thumb Code     0  startup.o(RESET)
    UART1_Handler                            0x0000022f   Thumb Code     0  startup.o(RESET)
    UART2_Handler                            0x0000022f   Thumb Code     0  startup.o(RESET)
    UART3_Handler                            0x0000022f   Thumb Code     0  startup.o(RESET)
    UART4_Handler                            0x0000022f   Thumb Code     0  startup.o(RESET)
    UART5_Handler                            0x0000022f   Thumb Code     0  startup.o(RESET)
    UART6_Handler                            0x0000022f   Thumb Code     0  startup.o(RESET)
    UART7_Handler                            0x0000022f   Thumb Code     0  startup.o(RESET)
    USB0_Handler                             0x0000022f   Thumb Code     0  startup.o(RESET)
    WDT_Handler                              0x0000022f   Thumb Code     0  startup.o(RESET)
    uDMA_Error                               0x0000022f   Thumb Code     0  startup.o(RESET)
    uDMA_Handler                             0x0000022f   Thumb Code     0  startup.o(RESET)
    __main                                   0x00000231   Thumb Code     8  __main.o(!!!main)
    __scatterload                            0x00000239   Thumb Code     0  __scatter.o(!!!scatter)
    __scatterload_rt2                        0x00000239   Thumb Code    44  __scatter.o(!!!scatter)
    __scatterload_rt2_thumb_only             0x00000239   Thumb Code     0  __scatter.o(!!!scatter)
    __scatterload_null                       0x00000247   Thumb Code     0  __scatter.o(!!!scatter)
    __scatterload_copy                       0x0000026d   Thumb Code    26  __scatter_copy.o(!!handler_copy)
    __scatterload_zeroinit                   0x00000289   Thumb Code    28  __scatter_zi.o(!!handler_zi)
    __rt_lib_init                            0x000002a5   Thumb Code     0  libinit.o(.ARM.Collect$$libinit$$00000000)
    __rt_lib_init_fp_1                       0x000002a7   Thumb Code     0  libinit2.o(.ARM.Collect$$libinit$$00000001)
    __rt_lib_init_alloca_1                   0x000002ab   Thumb Code     0  libinit2.o(.ARM.Collect$$libinit$$0000002E)
    __rt_lib_init_argv_1                     0x000002ab   Thumb Code     0  libinit2.o(.ARM.Collect$$libinit$$0000002C)
    __rt_lib_init_atexit_1                   0x000002ab   Thumb Code     0  libinit2.o(.ARM.Collect$$libinit$$0000001B)
    __rt_lib_init_clock_1                    0x000002ab   Thumb Code     0  libinit2.o(.ARM.Collect$$libinit$$00000021)
    __rt_lib_init_cpp_1                      0x000002ab   Thumb Code     0  libinit2.o(.ARM.Collect$$libinit$$00000032)
    __rt_lib_init_exceptions_1               0x000002ab   Thumb Code     0  libinit2.o(.ARM.Collect$$libinit$$00000030)
    __rt_lib_init_fp_trap_1                  0x000002ab   Thumb Code     0  libinit2.o(.ARM.Collect$$libinit$$0000001F)
    __rt_lib_init_getenv_1                   0x000002ab   Thumb Code     0  libinit2.o(.ARM.Collect$$libinit$$00000023)
    __rt_lib_init_heap_1                     0x000002ab   Thumb Code     0  libinit2.o(.ARM.Collect$$libinit$$0000000A)
    __rt_lib_init_lc_collate_1               0x000002ab   Thumb Code     0  libinit2.o(.ARM.Collect$$libinit$$00000011)
    __rt_lib_init_lc_ctype_1                 0x000002ab   Thumb Code     0  libinit2.o(.ARM.Collect$$libinit$$00000013)
    __rt_lib_init_lc_monetary_1              0x000002ab   Thumb Code     0  libinit2.o(.ARM.Collect$$libinit$$00000015)
    __rt_lib_init_lc_numeric_1               0x000002ab   Thumb Code     0  libinit2.o(.ARM.Collect$$libinit$$00000017)
    __rt_lib_init_lc_time_1                  0x000002ab   Thumb Code     0  libinit2.o(.ARM.Collect$$libinit$$00000019)
    __rt_lib_init_preinit_1                  0x000002ab   Thumb Code     0  libinit2.o(.ARM.Collect$$libinit$$00000004)
    __rt_lib_init_rand_1                     0x000002ab   Thumb Code     0  libinit2.o(.ARM.Collect$$libinit$$0000000E)
    __rt_lib_init_return                     0x000002ab   Thumb Code     0  libinit2.o(.ARM.Collect$$libinit$$00000033)
    __rt_lib_init_signal_1                   0x000002ab   Thumb Code     0  libinit2.o(.ARM.Collect$$libinit$$0000001D)
    __rt_lib_init_stdio_1                    0x000002ab   Thumb Code     0  libinit2.o(.ARM.Collect$$libinit$$00000025)
    __rt_lib_init_user_alloc_1               0x000002ab   Thumb Code     0  libinit2.o(.ARM.Collect$$libinit$$0000000C)
    __rt_lib_shutdown                        0x000002ad   Thumb Code     0  libshutdown.o(.ARM.Collect$$libshutdown$$00000000)
    __rt_lib_shutdown_cpp_1                  0x000002af   Thumb Code     0  libshutdown2.o(.ARM.Collect$$libshutdown$$00000002)
    __rt_lib_shutdown_fp_trap_1              0x000002af   Thumb Code     0  libshutdown2.o(.ARM.Collect$$libshutdown$$00000007)
    __rt_lib_shutdown_heap_1                 0x000002af   Thumb Code     0  libshutdown2.o(.ARM.Collect$$libshutdown$$0000000F)
    __rt_lib_shutdown_return                 0x000002af   Thumb Code     0  libshutdown2.o(.ARM.Collect$$libshutdown$$00000010)
    __rt_lib_shutdown_signal_1               0x000002af   Thumb Code     0  libshutdown2.o(.ARM.Collect$$libshutdown$$0000000A)
    __rt_lib_shutdown_stdio_1                0x000002af   Thumb Code     0  libshutdown2.o(.ARM.Collect$$libshutdown$$00000004)
    __rt_lib_shutdown_user_alloc_1           0x000002af   Thumb Code     0  libshutdown2.o(.ARM.Collect$$libshutdown$$0000000C)
    __rt_entry                               0x000002b1   Thumb Code     0  __rtentry.o(.ARM.Collect$$rtentry$$00000000)
    __rt_entry_presh_1                       0x000002b1   Thumb Code     0  __rtentry2.o(.ARM.Collect$$rtentry$$00000002)
    __rt_entry_sh                            0x000002b1   Thumb Code     0  __rtentry4.o(.ARM.Collect$$rtentry$$00000004)
    __rt_entry_li                            0x000002b7   Thumb Code     0  __rtentry2.o(.ARM.Collect$$rtentry$$0000000A)
    __rt_entry_postsh_1                      0x000002b7   Thumb Code     0  __rtentry2.o(.ARM.Collect$$rtentry$$00000009)
    __rt_entry_main                          0x000002bb   Thumb Code     0  __rtentry2.o(.ARM.Collect$$rtentry$$0000000D)
    __rt_entry_postli_1                      0x000002bb   Thumb Code     0  __rtentry2.o(.ARM.Collect$$rtentry$$0000000C)
    __rt_exit                                0x000002c3   Thumb Code     0  rtexit.o(.ARM.Collect$$rtexit$$00000000)
    __rt_exit_ls                             0x000002c5   Thumb Code     0  rtexit2.o(.ARM.Collect$$rtexit$$00000003)
    __rt_exit_prels_1                        0x000002c5   Thumb Code     0  rtexit2.o(.ARM.Collect$$rtexit$$00000002)
    __rt_exit_exit                           0x000002c9   Thumb Code     0  rtexit2.o(.ARM.Collect$$rtexit$$00000004)
    DisableInterrupts                        0x000002d1   Thumb Code     0  startup.o(.text)
    EnableInterrupts                         0x000002d5   Thumb Code     0  startup.o(.text)
    StartCritical                            0x000002d9   Thumb Code     0  startup.o(.text)
    EndCritical                              0x000002e1   Thumb Code     0  startup.o(.text)
    WaitForInterrupt                         0x000002e7   Thumb Code     0  startup.o(.text)
    __user_initial_stackheap                 0x000002eb   Thumb Code     0  startup.o(.text)
    PLL_Init                                 0x00000301   Thumb Code     0  utils.o(.text)
    SysTick_Init                             0x00000429   Thumb Code     0  utils.o(.text)
    SysTick_Wait1ms                          0x00000463   Thumb Code     0  utils.o(.text)
    SysTick_Wait1us                          0x00000475   Thumb Code     0  utils.o(.text)
    Read_KeyboardC                           0x000004e5   Thumb Code     0  decode.o(.text)
    Read_Keyboard                            0x00000501   Thumb Code     0  decode.o(.text)
    Decode_Char                              0x00000641   Thumb Code     0  decode.o(.text)
    LCD_Init                                 0x00000751   Thumb Code     0  lcd.o(.text)
    LCD_Write_String                         0x0000082d   Thumb Code     0  lcd.o(.text)
    LCD_Write_Character                      0x0000084d   Thumb Code     0  lcd.o(.text)
    LCD_Move_Cursor                          0x00000891   Thumb Code     0  lcd.o(.text)
    LCD_Reset                                0x000008b7   Thumb Code     0  lcd.o(.text)
    LCD_Command                              0x000008df   Thumb Code     0  lcd.o(.text)
    strlen                                   0x0000090d   Thumb Code    62  strlen.o(.text)
    __use_two_region_memory                  0x0000094b   Thumb Code     2  heapauxi.o(.text)
    __rt_heap_escrow$2region                 0x0000094d   Thumb Code     2  heapauxi.o(.text)
    __rt_heap_expand$2region                 0x0000094f   Thumb Code     2  heapauxi.o(.text)
    __user_setup_stackheap                   0x00000951   Thumb Code    74  sys_stackheap_outer.o(.text)
    exit                                     0x0000099b   Thumb Code    18  exit.o(.text)
    __user_libspace                          0x000009ad   Thumb Code     8  libspace.o(.text)
    __user_perproc_libspace                  0x000009ad   Thumb Code     0  libspace.o(.text)
    __user_perthread_libspace                0x000009ad   Thumb Code     0  libspace.o(.text)
    _sys_exit                                0x000009b5   Thumb Code     8  sys_exit.o(.text)
    __I$use$semihosting                      0x000009c1   Thumb Code     0  use_no_semi.o(.text)
    __use_no_semihosting_swi                 0x000009c1   Thumb Code     2  use_no_semi.o(.text)
    __semihosting_library_function           0x000009c3   Thumb Code     0  indicate_semi.o(.text)
    ADC0_init                                0x000009c5   Thumb Code   140  gpio.o(.text.ADC0_init)
    GPIOPortJ_Handler                        0x00000a51   Thumb Code     2  gpio.o(.text.GPIOPortJ_Handler)
    GPIO_Init                                0x00000a55   Thumb Code   698  gpio.o(.text.GPIO_Init)
    LCD_SecondLine                           0x00000d11   Thumb Code    62  main.o(.text.LCD_SecondLine)
    LCD_WriteLines                           0x00000d51   Thumb Code    34  main.o(.text.LCD_WriteLines)
    PortE_Output                             0x00000d75   Thumb Code    56  gpio.o(.text.PortE_Output)
    PortJ_interrupt_init                     0x00000dad   Thumb Code    92  gpio.o(.text.PortJ_interrupt_init)
    Timer0A_Handler                          0x00000e09   Thumb Code   200  gpio.o(.text.Timer0A_Handler)
    Timer0A_init                             0x00000ed1   Thumb Code   150  gpio.o(.text.Timer0A_init)
    adc_convertion                           0x00000f69   Thumb Code    70  gpio.o(.text.adc_convertion)
    convertNumberCharacter                   0x00000fb1   Thumb Code   130  main.o(.text.convertNumberCharacter)
    main                                     0x00001035   Thumb Code   638  main.o(.text.main)
    printVelocity                            0x000012b5   Thumb Code   150  main.o(.text.printVelocity)
    _fp_init                                 0x0000134b   Thumb Code    26  fpinit.o(x$fpl$fpinit)
    __fplib_config_fpu_vfp                   0x00001363   Thumb Code     0  fpinit.o(x$fpl$fpinit)
    __fplib_config_pureend_doubles           0x00001363   Thumb Code     0  fpinit.o(x$fpl$fpinit)
    Region$$Table$$Base                      0x000013e8   Number         0  anon$$obj.o(Region$$Table)
    Region$$Table$$Limit                     0x00001408   Number         0  anon$$obj.o(Region$$Table)
    duty_cycle                               0x20000000   Data           1  motor.o(.data.duty_cycle)
    __libspace_start                         0x20000008   Data          96  libspace.o(.bss)
    __temporary_stack_top$libspace           0x20000068   Data           0  libspace.o(.bss)
    motor_rot                                0x20000068   Data           1  motor.o(.bss.motor_rot)
    motor_state                              0x20000069   Data           1  motor.o(.bss.motor_state)



==============================================================================

Memory Map of the image

  Image Entry point : 0x00000209

  Load Region LR_1 (Base: 0x00000000, Size: 0x0000140c, Max: 0xffffffff, ABSOLUTE)

    Execution Region ER_RO (Exec base: 0x00000000, Load base: 0x00000000, Size: 0x00001408, Max: 0xffffffff, ABSOLUTE)

    Exec Addr    Load Addr    Size         Type   Attr      Idx    E Section Name        Object

    0x00000000   0x00000000   0x00000230   Code   RO           55  * RESET               startup.o
    0x00000230   0x00000230   0x00000008   Code   RO           87  * !!!main             c_w.l(__main.o)
    0x00000238   0x00000238   0x00000034   Code   RO          250    !!!scatter          c_w.l(__scatter.o)
    0x0000026c   0x0000026c   0x0000001a   Code   RO          252    !!handler_copy      c_w.l(__scatter_copy.o)
    0x00000286   0x00000286   0x00000002   PAD
    0x00000288   0x00000288   0x0000001c   Code   RO          254    !!handler_zi        c_w.l(__scatter_zi.o)
    0x000002a4   0x000002a4   0x00000002   Code   RO          114    .ARM.Collect$$libinit$$00000000  c_w.l(libinit.o)
    0x000002a6   0x000002a6   0x00000004   Code   RO          120    .ARM.Collect$$libinit$$00000001  c_w.l(libinit2.o)
    0x000002aa   0x000002aa   0x00000000   Code   RO          123    .ARM.Collect$$libinit$$00000004  c_w.l(libinit2.o)
    0x000002aa   0x000002aa   0x00000000   Code   RO          126    .ARM.Collect$$libinit$$0000000A  c_w.l(libinit2.o)
    0x000002aa   0x000002aa   0x00000000   Code   RO          128    .ARM.Collect$$libinit$$0000000C  c_w.l(libinit2.o)
    0x000002aa   0x000002aa   0x00000000   Code   RO          130    .ARM.Collect$$libinit$$0000000E  c_w.l(libinit2.o)
    0x000002aa   0x000002aa   0x00000000   Code   RO          133    .ARM.Collect$$libinit$$00000011  c_w.l(libinit2.o)
    0x000002aa   0x000002aa   0x00000000   Code   RO          135    .ARM.Collect$$libinit$$00000013  c_w.l(libinit2.o)
    0x000002aa   0x000002aa   0x00000000   Code   RO          137    .ARM.Collect$$libinit$$00000015  c_w.l(libinit2.o)
    0x000002aa   0x000002aa   0x00000000   Code   RO          139    .ARM.Collect$$libinit$$00000017  c_w.l(libinit2.o)
    0x000002aa   0x000002aa   0x00000000   Code   RO          141    .ARM.Collect$$libinit$$00000019  c_w.l(libinit2.o)
    0x000002aa   0x000002aa   0x00000000   Code   RO          143    .ARM.Collect$$libinit$$0000001B  c_w.l(libinit2.o)
    0x000002aa   0x000002aa   0x00000000   Code   RO          145    .ARM.Collect$$libinit$$0000001D  c_w.l(libinit2.o)
    0x000002aa   0x000002aa   0x00000000   Code   RO          147    .ARM.Collect$$libinit$$0000001F  c_w.l(libinit2.o)
    0x000002aa   0x000002aa   0x00000000   Code   RO          149    .ARM.Collect$$libinit$$00000021  c_w.l(libinit2.o)
    0x000002aa   0x000002aa   0x00000000   Code   RO          151    .ARM.Collect$$libinit$$00000023  c_w.l(libinit2.o)
    0x000002aa   0x000002aa   0x00000000   Code   RO          153    .ARM.Collect$$libinit$$00000025  c_w.l(libinit2.o)
    0x000002aa   0x000002aa   0x00000000   Code   RO          157    .ARM.Collect$$libinit$$0000002C  c_w.l(libinit2.o)
    0x000002aa   0x000002aa   0x00000000   Code   RO          159    .ARM.Collect$$libinit$$0000002E  c_w.l(libinit2.o)
    0x000002aa   0x000002aa   0x00000000   Code   RO          161    .ARM.Collect$$libinit$$00000030  c_w.l(libinit2.o)
    0x000002aa   0x000002aa   0x00000000   Code   RO          163    .ARM.Collect$$libinit$$00000032  c_w.l(libinit2.o)
    0x000002aa   0x000002aa   0x00000002   Code   RO          164    .ARM.Collect$$libinit$$00000033  c_w.l(libinit2.o)
    0x000002ac   0x000002ac   0x00000002   Code   RO          186    .ARM.Collect$$libshutdown$$00000000  c_w.l(libshutdown.o)
    0x000002ae   0x000002ae   0x00000000   Code   RO          201    .ARM.Collect$$libshutdown$$00000002  c_w.l(libshutdown2.o)
    0x000002ae   0x000002ae   0x00000000   Code   RO          203    .ARM.Collect$$libshutdown$$00000004  c_w.l(libshutdown2.o)
    0x000002ae   0x000002ae   0x00000000   Code   RO          206    .ARM.Collect$$libshutdown$$00000007  c_w.l(libshutdown2.o)
    0x000002ae   0x000002ae   0x00000000   Code   RO          209    .ARM.Collect$$libshutdown$$0000000A  c_w.l(libshutdown2.o)
    0x000002ae   0x000002ae   0x00000000   Code   RO          211    .ARM.Collect$$libshutdown$$0000000C  c_w.l(libshutdown2.o)
    0x000002ae   0x000002ae   0x00000000   Code   RO          214    .ARM.Collect$$libshutdown$$0000000F  c_w.l(libshutdown2.o)
    0x000002ae   0x000002ae   0x00000002   Code   RO          215    .ARM.Collect$$libshutdown$$00000010  c_w.l(libshutdown2.o)
    0x000002b0   0x000002b0   0x00000000   Code   RO           89    .ARM.Collect$$rtentry$$00000000  c_w.l(__rtentry.o)
    0x000002b0   0x000002b0   0x00000000   Code   RO           91    .ARM.Collect$$rtentry$$00000002  c_w.l(__rtentry2.o)
    0x000002b0   0x000002b0   0x00000006   Code   RO          103    .ARM.Collect$$rtentry$$00000004  c_w.l(__rtentry4.o)
    0x000002b6   0x000002b6   0x00000000   Code   RO           93    .ARM.Collect$$rtentry$$00000009  c_w.l(__rtentry2.o)
    0x000002b6   0x000002b6   0x00000004   Code   RO           94    .ARM.Collect$$rtentry$$0000000A  c_w.l(__rtentry2.o)
    0x000002ba   0x000002ba   0x00000000   Code   RO           96    .ARM.Collect$$rtentry$$0000000C  c_w.l(__rtentry2.o)
    0x000002ba   0x000002ba   0x00000008   Code   RO           97    .ARM.Collect$$rtentry$$0000000D  c_w.l(__rtentry2.o)
    0x000002c2   0x000002c2   0x00000002   Code   RO          118    .ARM.Collect$$rtexit$$00000000  c_w.l(rtexit.o)
    0x000002c4   0x000002c4   0x00000000   Code   RO          166    .ARM.Collect$$rtexit$$00000002  c_w.l(rtexit2.o)
    0x000002c4   0x000002c4   0x00000004   Code   RO          167    .ARM.Collect$$rtexit$$00000003  c_w.l(rtexit2.o)
    0x000002c8   0x000002c8   0x00000006   Code   RO          168    .ARM.Collect$$rtexit$$00000004  c_w.l(rtexit2.o)
    0x000002ce   0x000002ce   0x00000002   PAD
    0x000002d0   0x000002d0   0x00000030   Code   RO           56    .text               startup.o
    0x00000300   0x00000300   0x000001e4   Code   RO           64    .text               utils.o
    0x000004e4   0x000004e4   0x0000026c   Code   RO           67    .text               decode.o
    0x00000750   0x00000750   0x000001bc   Code   RO           78    .text               lcd.o
    0x0000090c   0x0000090c   0x0000003e   Code   RO           83    .text               c_w.l(strlen.o)
    0x0000094a   0x0000094a   0x00000006   Code   RO           85    .text               c_w.l(heapauxi.o)
    0x00000950   0x00000950   0x0000004a   Code   RO          105    .text               c_w.l(sys_stackheap_outer.o)
    0x0000099a   0x0000099a   0x00000012   Code   RO          107    .text               c_w.l(exit.o)
    0x000009ac   0x000009ac   0x00000008   Code   RO          115    .text               c_w.l(libspace.o)
    0x000009b4   0x000009b4   0x0000000c   Code   RO          176    .text               c_w.l(sys_exit.o)
    0x000009c0   0x000009c0   0x00000002   Code   RO          191    .text               c_w.l(use_no_semi.o)
    0x000009c2   0x000009c2   0x00000000   Code   RO          193    .text               c_w.l(indicate_semi.o)
    0x000009c2   0x000009c2   0x00000002   PAD
    0x000009c4   0x000009c4   0x0000008c   Code   RO            6    .text.ADC0_init     gpio.o
    0x00000a50   0x00000a50   0x00000002   Code   RO           26    .text.GPIOPortJ_Handler  gpio.o
    0x00000a52   0x00000a52   0x00000002   PAD
    0x00000a54   0x00000a54   0x000002ba   Code   RO            2    .text.GPIO_Init     gpio.o
    0x00000d0e   0x00000d0e   0x00000002   PAD
    0x00000d10   0x00000d10   0x0000003e   Code   RO           39    .text.LCD_SecondLine  main.o
    0x00000d4e   0x00000d4e   0x00000002   PAD
    0x00000d50   0x00000d50   0x00000022   Code   RO           37    .text.LCD_WriteLines  main.o
    0x00000d72   0x00000d72   0x00000002   PAD
    0x00000d74   0x00000d74   0x00000038   Code   RO           20    .text.PortE_Output  gpio.o
    0x00000dac   0x00000dac   0x0000005c   Code   RO            4    .text.PortJ_interrupt_init  gpio.o
    0x00000e08   0x00000e08   0x000000c8   Code   RO           24    .text.Timer0A_Handler  gpio.o
    0x00000ed0   0x00000ed0   0x00000096   Code   RO            8    .text.Timer0A_init  gpio.o
    0x00000f66   0x00000f66   0x00000002   PAD
    0x00000f68   0x00000f68   0x00000046   Code   RO           22    .text.adc_convertion  gpio.o
    0x00000fae   0x00000fae   0x00000002   PAD
    0x00000fb0   0x00000fb0   0x00000082   Code   RO           43    .text.convertNumberCharacter  main.o
    0x00001032   0x00001032   0x00000002   PAD
    0x00001034   0x00001034   0x0000027e   Code   RO           35    .text.main          main.o
    0x000012b2   0x000012b2   0x00000002   PAD
    0x000012b4   0x000012b4   0x00000096   Code   RO           41    .text.printVelocity  main.o
    0x0000134a   0x0000134a   0x0000001a   Code   RO          174    x$fpl$fpinit        fz_wm.l(fpinit.o)
    0x00001364   0x00001364   0x00000084   Data   RO           45    .rodata.str1.1      main.o
    0x000013e8   0x000013e8   0x00000020   Data   RO          249    Region$$Table       anon$$obj.o


    Execution Region ER_RW (Exec base: 0x20000000, Load base: 0x00001408, Size: 0x00000004, Max: 0xffffffff, ABSOLUTE)

    Exec Addr    Load Addr    Size         Type   Attr      Idx    E Section Name        Object

    0x20000000   0x00001408   0x00000001   Data   RW           71    .data.duty_cycle    motor.o


    Execution Region ER_ZI (Exec base: 0x20000008, Load base: 0x0000140c, Size: 0x00000468, Max: 0xffffffff, ABSOLUTE)

    Exec Addr    Load Addr    Size         Type   Attr      Idx    E Section Name        Object

    0x20000008        -       0x00000060   Zero   RW          116    .bss                c_w.l(libspace.o)
    0x20000068        -       0x00000001   Zero   RW           73    .bss.motor_rot      motor.o
    0x20000069        -       0x00000001   Zero   RW           72    .bss.motor_state    motor.o
    0x2000006a   0x0000140c   0x00000006   PAD
    0x20000070        -       0x00000000   Zero   RW           54    HEAP                startup.o
    0x20000070        -       0x00000400   Zero   RW           53    STACK               startup.o


==============================================================================

Image component sizes


      Code (inc. data)   RO Data    RW Data    ZI Data      Debug   Object Name

       620         12          0          0          0        400   decode.o
      1408          0          0          0          0       2382   gpio.o
       444          8          0          0          0        348   lcd.o
      1014         10        132          0          0       1937   main.o
         0          0          0          1          2        423   motor.o
       608        532          0          0       1024       1000   startup.o
       484         92          0          0          0        352   utils.o

    ----------------------------------------------------------------------
      4594        654        164          4       1032       6842   Object Totals
         0          0         32          0          0          0   (incl. Generated)
        16          0          0          3          6          0   (incl. Padding)

    ----------------------------------------------------------------------

      Code (inc. data)   RO Data    RW Data    ZI Data      Debug   Library Member Name

         8          0          0          0          0         68   __main.o
         0          0          0          0          0          0   __rtentry.o
        12          0          0          0          0          0   __rtentry2.o
         6          0          0          0          0          0   __rtentry4.o
        52          8          0          0          0          0   __scatter.o
        26          0          0          0          0          0   __scatter_copy.o
        28          0          0          0          0          0   __scatter_zi.o
        18          0          0          0          0         80   exit.o
         6          0          0          0          0        152   heapauxi.o
         0          0          0          0          0          0   indicate_semi.o
         2          0          0          0          0          0   libinit.o
         6          0          0          0          0          0   libinit2.o
         2          0          0          0          0          0   libshutdown.o
         2          0          0          0          0          0   libshutdown2.o
         8          4          0          0         96         68   libspace.o
         2          0          0          0          0          0   rtexit.o
        10          0          0          0          0          0   rtexit2.o
        62          0          0          0          0         76   strlen.o
        12          4          0          0          0         68   sys_exit.o
        74          0          0          0          0         80   sys_stackheap_outer.o
         2          0          0          0          0         68   use_no_semi.o
        26          0          0          0          0        116   fpinit.o

    ----------------------------------------------------------------------
       370         16          0          0         96        776   Library Totals
         6          0          0          0          0          0   (incl. Padding)

    ----------------------------------------------------------------------

      Code (inc. data)   RO Data    RW Data    ZI Data      Debug   Library Name

       338         16          0          0         96        660   c_w.l
        26          0          0          0          0        116   fz_wm.l

    ----------------------------------------------------------------------
       370         16          0          0         96        776   Library Totals

    ----------------------------------------------------------------------

==============================================================================


      Code (inc. data)   RO Data    RW Data    ZI Data      Debug   

      4964        670        164          4       1128       7390   Grand Totals
      4964        670        164          4       1128       7390   ELF Image Totals
      4964        670        164          4          0          0   ROM Totals

==============================================================================

    Total RO  Size (Code + RO Data)                 5128 (   5.01kB)
    Total RW  Size (RW Data + ZI Data)              1132 (   1.11kB)
    Total ROM Size (Code + RO Data + RW Data)       5132 (   5.01kB)

==============================================================================

