<html>
<body>
<pre>
<h1>µVision Build Log</h1>
<h2>Tool Versions:</h2>
IDE-Version: µVision V5.39.0.0
Copyright (C) 2023 ARM Ltd and ARM Germany GmbH. All rights reserved.
License Information: Eduardo Veiga, UTFPR, LIC=----
 
Tool Versions:
Toolchain:       MDK-Lite  Version: 5.39.0.0
Toolchain Path:  C:\Keil_v5\ARM\ARMCLANG\Bin
C Compiler:      ArmClang.exe V6.21
Assembler:       Armasm.exe V6.21
Linker/Locator:  ArmLink.exe V6.21
Library Manager: ArmAr.exe V6.21
Hex Converter:   FromElf.exe V6.21
CPU DLL:         SARMCM3.DLL V5.39.0.0
Dialog DLL:      DCM.DLL V1.17.5.0
Target DLL:      lmidk-agdi.dll V???
Dialog DLL:      TCM.DLL V1.56.4.0
 
<h2>Project:</h2>
C:\Users\epont\OneDrive\Documentos\UTFPR\2024.1\SistemasMicrocontrolados\laboratorios\Labs_ELEW31\Lab03\Lab03.uvprojx
Project File Date:  05/28/2024

<h2>Output:</h2>
*** Using Compiler 'V6.21', folder: 'C:\Keil_v5\ARM\ARMCLANG\Bin'
Build target 'Target 1'
gpio.c(29): warning: invalid UTF-8 in comment [-Winvalid-utf8]
   29 | // Fun<E7><E3>o GPIO_Init
      |       ^
gpio.c(31): warning: invalid UTF-8 in comment [-Winvalid-utf8]
   31 | // Par<E2>metro de entrada: N<E3>o tem
      |       ^
gpio.c(31): warning: invalid UTF-8 in comment [-Winvalid-utf8]
   31 | // Par<E2>metro de entrada: N<E3>o tem
      |                              ^
gpio.c(32): warning: invalid UTF-8 in comment [-Winvalid-utf8]
   32 | // Par<E2>metro de sa<ED>da: N<E3>o tem
      |       ^
gpio.c(32): warning: invalid UTF-8 in comment [-Winvalid-utf8]
   32 | // Par<E2>metro de sa<ED>da: N<E3>o tem
      |                      ^
gpio.c(32): warning: invalid UTF-8 in comment [-Winvalid-utf8]
   32 | // Par<E2>metro de sa<ED>da: N<E3>o tem
      |                               ^
gpio.c(51): warning: invalid UTF-8 in comment [-Winvalid-utf8]
   51 |         // Modo peri<F3>dico
      |                     ^
gpio.c(60): warning: invalid UTF-8 in comment [-Winvalid-utf8]
   60 |         // Configura<E7><E3>o da interrup<E7><E3>o
      |                     ^
gpio.c(60): warning: invalid UTF-8 in comment [-Winvalid-utf8]
   60 |         // Configura<E7><E3>o da interrup<E7><E3>o
      |                                          ^
gpio.c(63): warning: invalid UTF-8 in comment [-Winvalid-utf8]
   63 |         // Interrup<E7><E3>o no timeout
      |                    ^
gpio.c(66): warning: invalid UTF-8 in comment [-Winvalid-utf8]
   66 |         // Prioridade da interrup<E7><E3>o
      |                                  ^
gpio.c(69): warning: invalid UTF-8 in comment [-Winvalid-utf8]
   69 |         // Habilita a interrup<E7><E3>o do timer
      |                               ^
gpio.c(77): warning: invalid UTF-8 in comment [-Winvalid-utf8]
   77 |         //1b.   ap<F3>s isso verificar no PRGPIO se a porta est<E1> pronta para uso.
      |                   ^
gpio.c(77): warning: invalid UTF-8 in comment [-Winvalid-utf8]
   77 |         //1b.   ap<F3>s isso verificar no PRGPIO se a porta est<E1> pronta para uso.
      |                                                                ^
gpio.c(80): warning: invalid UTF-8 in comment [-Winvalid-utf8]
   80 |         // 2. Limpar o AMSEL para desabilitar a anal<F3>gica
      |                                                     ^
gpio.c(90): warning: invalid UTF-8 in comment [-Winvalid-utf8]
   90 |         // 4. DIR para 0 se for entrada, 1 se for sa<ED>da
      |                                                     ^
gpio.c(95): warning: invalid UTF-8 in comment [-Winvalid-utf8]
   95 |         // 5. Limpar os bits AFSEL para 0 para selecionar GPIO sem fun<E7><E3>o alternativa   
      |                                                                       ^
gpio.c(108): warning: invalid UTF-8 in comment [-Winvalid-utf8]
  108 |         // Fun<E7><E3>o alternativa dos pinos A0 e A1
      |               ^
gpio.c(134): warning: invalid UTF-8 in comment [-Winvalid-utf8]
  134 |          *              0 => paridade <ED>mpar
      |                                       ^
gpio.c(152): warning: invalid UTF-8 in comment [-Winvalid-utf8]
  152 |         GPIO_PORTA_AHB_PCTL_R = 0x11;                   // 0001 0001 A1 e A0 recebe a fun<E7><E3>o 1
      |                                                                                          ^
gpio.c(153): warning: invalid UTF-8 in comment [-Winvalid-utf8]
  153 |         GPIO_PORTA_AHB_AFSEL_R = 0x03;          // 0000 0011 habilita os pinos A1 e A0 para fun<E7><E3>o alternativas
      |                                                                                                ^
gpio.c(157): warning: invalid UTF-8 in comment [-Winvalid-utf8]
  157 | // Fun<E7><E3>o PortJ_Input
      |       ^
gpio.c(158): warning: invalid UTF-8 in comment [-Winvalid-utf8]
  158 | // L<EA> os valores de entrada do port J
      |     ^
gpio.c(159): warning: invalid UTF-8 in comment [-Winvalid-utf8]
  159 | // Par<E2>metro de entrada: N<E3>o tem
      |       ^
gpio.c(159): warning: invalid UTF-8 in comment [-Winvalid-utf8]
  159 | // Par<E2>metro de entrada: N<E3>o tem
      |                              ^
gpio.c(160): warning: invalid UTF-8 in comment [-Winvalid-utf8]
  160 | // Par<E2>metro de sa<ED>da: o valor da leitura do port
      |       ^
gpio.c(160): warning: invalid UTF-8 in comment [-Winvalid-utf8]
  160 | // Par<E2>metro de sa<ED>da: o valor da leitura do port
      |                      ^
gpio.c(167): warning: invalid UTF-8 in comment [-Winvalid-utf8]
  167 | // Fun<E7><E3>o PortN_Output
      |       ^
gpio.c(169): warning: invalid UTF-8 in comment [-Winvalid-utf8]
  169 | // Par<E2>metro de entrada: Valor a ser escrito
      |       ^
gpio.c(170): warning: invalid UTF-8 in comment [-Winvalid-utf8]
  170 | // Par<E2>metro de sa<ED>da: n<E3>o tem
      |       ^
gpio.c(170): warning: invalid UTF-8 in comment [-Winvalid-utf8]
  170 | // Par<E2>metro de sa<ED>da: n<E3>o tem
      |                      ^
gpio.c(170): warning: invalid UTF-8 in comment [-Winvalid-utf8]
  170 | // Par<E2>metro de sa<ED>da: n<E3>o tem
      |                               ^
gpio.c(175): warning: invalid UTF-8 in comment [-Winvalid-utf8]
  175 |     //para uma escrita amig<E1>vel nos bits 0 e 1
      |                            ^
gpio.c(177): warning: invalid UTF-8 in comment [-Winvalid-utf8]
  177 |     //agora vamos fazer o OR com o valor recebido na fun<E7><E3>o
      |                                                         ^
gpio.c(182): warning: a function declaration without a prototype is deprecated in all versions of C [-Wstrict-prototypes]
  182 | void Timer0A_Handler()
      |                     ^
      |                      void
gpio.c(184): warning: invalid UTF-8 in comment [-Winvalid-utf8]
  184 |         // Limpar o flag de interrup<E7><E3>o
      |                                     ^
gpio.c(191): warning: invalid UTF-8 in comment [-Winvalid-utf8]
  191 |         // bit 4 => RXFE indica que n<E3>o <E9> possivel a leitura
      |                                      ^
gpio.c(191): warning: invalid UTF-8 in comment [-Winvalid-utf8]
  191 |         // bit 4 => RXFE indica que n<E3>o <E9> possivel a leitura
      |                                            ^
gpio.c(192): warning: invalid UTF-8 in comment [-Winvalid-utf8]
  192 |         while ((UART0_FR_R & 0x10) == 0x10){}   // 0001 0000 => verifica se <E9> possivel a leitura
      |                                                                             ^
gpio.c(198): warning: invalid UTF-8 in comment [-Winvalid-utf8]
  198 | // inicia a transmiss<E3>o de dados
      |                      ^
gpio.c(194): warning: mixing declarations and code is incompatible with standards before C99 [-Wdeclaration-after-statement]
  194 |         uint8_t value = (uint8_t)UART0_DR_R;
      |                 ^
gpio.c(201): warning: invalid UTF-8 in comment [-Winvalid-utf8]
  201 |         // bit 5 => TXFF indica que n<E3>o <E9> possivel a escrita
      |                                      ^
gpio.c(201): warning: invalid UTF-8 in comment [-Winvalid-utf8]
  201 |         // bit 5 => TXFF indica que n<E3>o <E9> possivel a escrita
      |                                            ^
gpio.c(202): warning: invalid UTF-8 in comment [-Winvalid-utf8]
  202 |         while ((UART0_FR_R & 0x20) == 0x20){} // 0010 0000 => verifica se <E9> possivel a escrita
      |                                                                           ^
gpio.c(229): warning: a function declaration without a prototype is deprecated in all versions of C [-Wstrict-prototypes]
  229 | void Pisca_leds()
      |                ^
      |                 void
gpio.c(233): warning: no newline at end of file [-Wnewline-eof]
  233 | }
      |  ^
gpio.c(224): warning: unsafe pointer arithmetic [-Wunsafe-buffer-usage]
  224 |                 line++;
      |                 ^~~~
47 warnings generated.
compiling gpio.c...
linking...
Program Size: Code=2036 RO-data=16 RW-data=0 ZI-data=1120  
".\Objects\Lab03.axf" - 0 Error(s), 47 Warning(s).

<h2>Software Packages used:</h2>

Package Vendor: Keil
                http://www.keil.com/pack/Keil.TM4C_DFP.1.1.0.pack
                Keil::TM4C_DFP@1.1.0
                Texas Instruments Tiva C Series Device Support and Examples

<h2>Collection of Component include folders:</h2>
  C:/Users/epont/AppData/Local/Arm/Packs/Keil/TM4C_DFP/1.1.0/Device/Include/TM4C129

<h2>Collection of Component Files used:</h2>
Build Time Elapsed:  00:00:01
</pre>
</body>
</html>
