<html>
<body>
<pre>
<h1>µVision Build Log</h1>
<h2>Tool Versions:</h2>
IDE-Version: µVision V5.39.0.0
Copyright (C) 2023 ARM Ltd and ARM Germany GmbH. All rights reserved.
License Information: Eduardo Veiga, UTFPR, LIC=----
 
Tool Versions:
Toolchain:       MDK-Lite  Version: 5.39.0.0
Toolchain Path:  C:\Keil_v5\ARM\ARMCLANG\Bin
C Compiler:      ArmClang.exe V6.21
Assembler:       Armasm.exe V6.21
Linker/Locator:  ArmLink.exe V6.21
Library Manager: ArmAr.exe V6.21
Hex Converter:   FromElf.exe V6.21
CPU DLL:         SARMCM3.DLL V5.39.0.0
Dialog DLL:      DCM.DLL V1.17.5.0
Target DLL:      UL2CM3.DLL V1.164.9.0
Dialog DLL:      TCM.DLL V1.56.4.0
 
<h2>Project:</h2>
C:\Users\epont\OneDrive\Documentos\UTFPR\2024.1\SistemasMicrocontrolados\laboratorios\Labs_ELEW31\Lab03\Lab03.uvprojx
Project File Date:  05/21/2024

<h2>Output:</h2>
*** Using Compiler 'V6.21', folder: 'C:\Keil_v5\ARM\ARMCLANG\Bin'
Build target 'Target 1'
gpio.c(17): warning: invalid UTF-8 in comment [-Winvalid-utf8]
   17 | // Fun<E7><E3>o GPIO_Init
      |       ^
gpio.c(19): warning: invalid UTF-8 in comment [-Winvalid-utf8]
   19 | // Par<E2>metro de entrada: N<E3>o tem
      |       ^
gpio.c(19): warning: invalid UTF-8 in comment [-Winvalid-utf8]
   19 | // Par<E2>metro de entrada: N<E3>o tem
      |                              ^
gpio.c(20): warning: invalid UTF-8 in comment [-Winvalid-utf8]
   20 | // Par<E2>metro de sa<ED>da: N<E3>o tem
      |       ^
gpio.c(20): warning: invalid UTF-8 in comment [-Winvalid-utf8]
   20 | // Par<E2>metro de sa<ED>da: N<E3>o tem
      |                      ^
gpio.c(20): warning: invalid UTF-8 in comment [-Winvalid-utf8]
   20 | // Par<E2>metro de sa<ED>da: N<E3>o tem
      |                               ^
gpio.c(25): warning: invalid UTF-8 in comment [-Winvalid-utf8]
   25 |         //1b.   ap<F3>s isso verificar no PRGPIO se a porta est<E1> pronta para uso.
      |                   ^
gpio.c(25): warning: invalid UTF-8 in comment [-Winvalid-utf8]
   25 |         //1b.   ap<F3>s isso verificar no PRGPIO se a porta est<E1> pronta para uso.
      |                                                                ^
gpio.c(28): warning: invalid UTF-8 in comment [-Winvalid-utf8]
   28 |         // 2. Limpar o AMSEL para desabilitar a anal<F3>gica
      |                                                     ^
gpio.c(26): warning: empty expression statement has no effect; remove unnecessary ';' to silence this warning [-Wextra-semi-stmt]
   26 |   while((SYSCTL_PRGPIO_R & (GPIO_PORTJ | GPIO_PORTN) ) != (GPIO_PORTJ | GPIO_PORTN) ){};
      |                                                                                        ^
gpio.c(36): warning: invalid UTF-8 in comment [-Winvalid-utf8]
   36 |         // 4. DIR para 0 se for entrada, 1 se for sa<ED>da
      |                                                     ^
gpio.c(40): warning: invalid UTF-8 in comment [-Winvalid-utf8]
   40 |         // 5. Limpar os bits AFSEL para 0 para selecionar GPIO sem fun<E7><E3>o alternativa   
      |                                                                       ^
gpio.c(58): warning: invalid UTF-8 in comment [-Winvalid-utf8]
   58 | // Fun<E7><E3>o PortJ_Input
      |       ^
gpio.c(59): warning: invalid UTF-8 in comment [-Winvalid-utf8]
   59 | // L<EA> os valores de entrada do port J
      |     ^
gpio.c(60): warning: invalid UTF-8 in comment [-Winvalid-utf8]
   60 | // Par<E2>metro de entrada: N<E3>o tem
      |       ^
gpio.c(60): warning: invalid UTF-8 in comment [-Winvalid-utf8]
   60 | // Par<E2>metro de entrada: N<E3>o tem
      |                              ^
gpio.c(61): warning: invalid UTF-8 in comment [-Winvalid-utf8]
   61 | // Par<E2>metro de sa<ED>da: o valor da leitura do port
      |       ^
gpio.c(61): warning: invalid UTF-8 in comment [-Winvalid-utf8]
   61 | // Par<E2>metro de sa<ED>da: o valor da leitura do port
      |                      ^
gpio.c(21): warning: no previous prototype for function 'GPIO_Init' [-Wmissing-prototypes]
   21 | void GPIO_Init(void)
      |      ^
gpio.c(21): note: declare 'static' if the function is not intended to be used outside of this translation unit
   21 | void GPIO_Init(void)
      | ^
      | static 
gpio.c(68): warning: invalid UTF-8 in comment [-Winvalid-utf8]
   68 | // Fun<E7><E3>o PortN_Output
      |       ^
gpio.c(70): warning: invalid UTF-8 in comment [-Winvalid-utf8]
   70 | // Par<E2>metro de entrada: Valor a ser escrito
      |       ^
gpio.c(71): warning: invalid UTF-8 in comment [-Winvalid-utf8]
   71 | // Par<E2>metro de sa<ED>da: n<E3>o tem
      |       ^
gpio.c(71): warning: invalid UTF-8 in comment [-Winvalid-utf8]
   71 | // Par<E2>metro de sa<ED>da: n<E3>o tem
      |                      ^
gpio.c(71): warning: invalid UTF-8 in comment [-Winvalid-utf8]
   71 | // Par<E2>metro de sa<ED>da: n<E3>o tem
      |                               ^
gpio.c(62): warning: no previous prototype for function 'PortJ_Input' [-Wmissing-prototypes]
   62 | uint32_t PortJ_Input(void)
      |          ^
gpio.c(62): note: declare 'static' if the function is not intended to be used outside of this translation unit
   62 | uint32_t PortJ_Input(void)
      | ^
      | static 
gpio.c(76): warning: invalid UTF-8 in comment [-Winvalid-utf8]
   76 |     //para uma escrita amig<E1>vel nos bits 0 e 1
      |                            ^
gpio.c(78): warning: invalid UTF-8 in comment [-Winvalid-utf8]
   78 |     //agora vamos fazer o OR com o valor recebido na fun<E7><E3>o
      |                                                         ^
gpio.c(72): warning: no previous prototype for function 'PortN_Output' [-Wmissing-prototypes]
   72 | void PortN_Output(uint32_t valor)
      |      ^
gpio.c(72): note: declare 'static' if the function is not intended to be used outside of this translation unit
   72 | void PortN_Output(uint32_t valor)
      | ^
      | static 
28 warnings generated.
compiling gpio.c...
linking...
Program Size: Code=1796 RO-data=16 RW-data=0 ZI-data=1120  
".\Objects\Lab03.axf" - 0 Error(s), 28 Warning(s).

<h2>Software Packages used:</h2>

Package Vendor: Keil
                http://www.keil.com/pack/Keil.TM4C_DFP.1.1.0.pack
                Keil::TM4C_DFP@1.1.0
                Texas Instruments Tiva C Series Device Support and Examples

<h2>Collection of Component include folders:</h2>
  C:/Users/epont/AppData/Local/Arm/Packs/Keil/TM4C_DFP/1.1.0/Device/Include/TM4C129

<h2>Collection of Component Files used:</h2>
Build Time Elapsed:  00:00:01
</pre>
</body>
</html>
